 Container aftermath-erpnext-queue-long-1  Stopping
 Container aftermath-erpnext-fault-gateway-1  Stopping
 Container aftermath-erpnext-remittance-1  Stopping
 Container aftermath-erpnext-queue-short-1  Stopping
 Container aftermath-erpnext-queue-long-1  Stopped
 Container aftermath-erpnext-queue-short-1  Stopped
 Container aftermath-erpnext-remittance-1  Stopped
 Container aftermath-erpnext-fault-gateway-1  Stopped
 Container aftermath-erpnext-frontend-1  Stopping
 Container aftermath-erpnext-frontend-1  Stopped
 Container aftermath-erpnext-websocket-1  Stopping
 Container aftermath-erpnext-backend-1  Stopping
 Container aftermath-erpnext-backend-1  Stopped
 Container aftermath-erpnext-websocket-1  Stopped
 Container aftermath-erpnext-queue-fault-1  Stopping
 Container aftermath-erpnext-queue-fault-1  Stopped
 Container aftermath-erpnext-redis-queue-1  Stopping
 Container aftermath-erpnext-redis-queue-1  Stopped
 Container aftermath-erpnext-redis-queue-1  Starting
 Container aftermath-erpnext-redis-queue-1  Started
 Container aftermath-erpnext-redis-queue-1  Waiting
 Container aftermath-erpnext-redis-queue-1  Healthy
 Container aftermath-erpnext-queue-fault-1  Starting
 Container aftermath-erpnext-queue-fault-1  Started
 Container aftermath-erpnext-backend-1  Starting
 Container aftermath-erpnext-queue-long-1  Starting
 Container aftermath-erpnext-queue-short-1  Starting
 Container aftermath-erpnext-websocket-1  Starting
 Container aftermath-erpnext-backend-1  Started
 Container aftermath-erpnext-websocket-1  Started
 Container aftermath-erpnext-queue-long-1  Started
 Container aftermath-erpnext-queue-short-1  Started
 Container aftermath-erpnext-frontend-1  Starting
 Container aftermath-erpnext-frontend-1  Started
 Container aftermath-erpnext-fault-gateway-1  Starting
 Container aftermath-erpnext-remittance-1  Starting
 Container aftermath-erpnext-fault-gateway-1  Started
 Container aftermath-erpnext-remittance-1  Started
OK
{
  "capture_mode": "simultaneous_service_quiescence",
  "files": {
    "database": {
      "bytes": 13215832,
      "path": "database.sql",
      "sha256": "e62f22eb1a98b454f9d5918d4bfc73fd2a91bd22bc2030e7a23529d08e902448"
    },
    "gateway_audit": {
      "bytes": 30720,
      "path": "gateway-audit.tar",
      "sha256": "b6eeff23a6ec9c56b1b7aaad092b376816599d3ef934bb55fa0f8a2a977b59cd"
    },
    "redis_queue": {
      "bytes": 1192448,
      "path": "redis-queue.tar",
      "sha256": "43b36f9102c59c68d80424d5c300659846bfe6d005831045c14089ec29cfea9d"
    },
    "remittance_audit": {
      "bytes": 30720,
      "path": "remittance-audit.tar",
      "sha256": "b1529c139bb7277a6a9a3c5f866da0cf3c0aa92597eef9704df6a35bdcc358db"
    },
    "site_crypto": {
      "bytes": 67,
      "path": "site-crypto.json",
      "sha256": "e180eca4a3959af37667aad6e6bd136037628df7d4e5b1448b7a0fa5eaa7292a"
    }
  },
  "running_services": [
    "redis-queue",
    "queue-fault",
    "backend",
    "queue-short",
    "queue-long",
    "websocket",
    "frontend",
    "fault-gateway",
    "remittance"
  ],
  "schema_version": "1.2"
}
