 Container aftermath-erpnext-redis-queue-1  Waiting
 Container aftermath-erpnext-redis-queue-1  Healthy
 Container aftermath-erpnext-redis-cache-1  Waiting
 Container aftermath-erpnext-db-1  Waiting
 Container aftermath-erpnext-redis-cache-1  Healthy
 Container aftermath-erpnext-db-1  Healthy
 Container aftermath-erpnext-configurator-1  Starting
 Container aftermath-erpnext-configurator-1  Started
 Container aftermath-erpnext-configurator-1  Waiting
 Container aftermath-erpnext-configurator-1  Exited
 Container aftermath-erpnext-create-site-1  Starting
 Container aftermath-erpnext-create-site-1  Started
 Container aftermath-erpnext-create-site-1  Waiting
 Container aftermath-erpnext-create-site-1  Waiting
 Container aftermath-erpnext-create-site-1  Exited
 Container aftermath-erpnext-queue-short-1  Starting
 Container aftermath-erpnext-create-site-1  Exited
 Container aftermath-erpnext-queue-long-1  Starting
 Container aftermath-erpnext-queue-long-1  Started
 Container aftermath-erpnext-queue-short-1  Started
{
  "run_id": "erpnext-manufacturing-rework-public-dev-002--async_job_pending--20260804T002454750760Z",
  "evaluation": {
    "passed": true,
    "components": {
      "goal_completion": true,
      "repair_completeness": true,
      "preservation": true,
      "protocol_safety": true
    },
    "checks": {
      "work_order_completed_exact_quantity": true,
      "corrective_job_card_completed": true,
      "one_final_manufacture_entry_submitted": true,
      "final_rework_inspection_accepted": true,
      "accepted_inventory_posting_retained": true,
      "reworked_inventory_posting_exact": true,
      "manufacturing_accounting_balanced": true,
      "corrective_cost_preserved_in_work_order": true,
      "accepted_manufacture_entry_preserved": true,
      "accepted_job_card_preserved": true,
      "bom_preserved": true,
      "unrelated_stock_entry_preserved": true,
      "no_duplicate_corrective_job_card": true,
      "no_duplicate_final_manufacture_entry": true,
      "no_duplicate_final_quality_inspection": true,
      "quality_release_applied_exactly_once": true,
      "no_unfinished_quality_release_job": true
    },
    "diagnostics": {
      "active_corrective_job_card_count": 1,
      "active_final_manufacture_entry_count": 1,
      "final_quality_inspection_count": 1,
      "unfinished_quality_release_job_count": 0,
      "quality_release_attempt_count": 1
    },
    "failures": []
  },
  "trajectory_diagnostics": {
    "primary_error": null,
    "evidence_groups": {
      "documents": true,
      "async": true,
      "ledgers": true
    },
    "tool_names": [
      "get_document",
      "get_document",
      "get_document",
      "get_document",
      "get_external_delivery",
      "find_background_jobs",
      "get_document",
      "get_document",
      "get_stock_ledger",
      "get_general_ledger",
      "list_related_documents",
      "list_documents",
      "get_document",
      "get_document",
      "resume_workers",
      "wait_for_external_delivery",
      "create_manufacture_stock_entry",
      "create_quality_inspection",
      "submit_document",
      "submit_document",
      "get_document",
      "get_stock_ledger",
      "get_general_ledger",
      "get_stock_ledger"
    ],
    "unsafe_corrective_resubmit": false,
    "tool_error_count": 0,
    "tool_errors": []
  },
  "stop_reason": "model_stopped",
  "output": "runtimes/erpnext/.runtime/manufacturing-model/model/repetition-01/async_job_pending.json"
}
