 Container aftermath-erpnext-remittance-1  Stopping
 Container aftermath-erpnext-queue-short-1  Stopping
 Container aftermath-erpnext-fault-gateway-1  Stopping
 Container aftermath-erpnext-queue-long-1  Stopping
 Container aftermath-erpnext-queue-short-1  Stopped
 Container aftermath-erpnext-queue-long-1  Stopped
 Container aftermath-erpnext-remittance-1  Stopped
 Container aftermath-erpnext-fault-gateway-1  Stopped
 Container aftermath-erpnext-frontend-1  Stopping
 Container aftermath-erpnext-frontend-1  Stopped
 Container aftermath-erpnext-websocket-1  Stopping
 Container aftermath-erpnext-backend-1  Stopping
 Container aftermath-erpnext-backend-1  Stopped
 Container aftermath-erpnext-websocket-1  Stopped
 Container aftermath-erpnext-queue-fault-1  Stopping
 Container aftermath-erpnext-queue-fault-1  Stopped
 Container aftermath-erpnext-redis-queue-1  Stopping
 Container aftermath-erpnext-redis-queue-1  Stopped
 Container aftermath-erpnext-redis-queue-1  Starting
 Container aftermath-erpnext-redis-queue-1  Started
 Container aftermath-erpnext-redis-queue-1  Waiting
 Container aftermath-erpnext-redis-queue-1  Healthy
 Container aftermath-erpnext-queue-fault-1  Starting
 Container aftermath-erpnext-queue-fault-1  Started
 Container aftermath-erpnext-websocket-1  Starting
 Container aftermath-erpnext-backend-1  Starting
 Container aftermath-erpnext-backend-1  Started
 Container aftermath-erpnext-websocket-1  Started
 Container aftermath-erpnext-frontend-1  Starting
 Container aftermath-erpnext-frontend-1  Started
 Container aftermath-erpnext-fault-gateway-1  Starting
 Container aftermath-erpnext-remittance-1  Starting
 Container aftermath-erpnext-remittance-1  Started
 Container aftermath-erpnext-fault-gateway-1  Started
OK
{
  "capture_mode": "simultaneous_service_quiescence",
  "files": {
    "database": {
      "bytes": 13215832,
      "path": "database.sql",
      "sha256": "ae95743a51f11b4e6d2144c1c28b3d8f3d267304907422092d65dd3c2c3ba8cc"
    },
    "gateway_audit": {
      "bytes": 30720,
      "path": "gateway-audit.tar",
      "sha256": "06667958b59e71eced76636c18a01da405ba4c62cfaf26a13d234f48f099239e"
    },
    "redis_queue": {
      "bytes": 1033216,
      "path": "redis-queue.tar",
      "sha256": "1cf9e79e53d5d5cc770ff97f8dcf13f3094ddaab03f807e0a244cf9fd4cdb370"
    },
    "remittance_audit": {
      "bytes": 30720,
      "path": "remittance-audit.tar",
      "sha256": "01e6422e77474e051fb3abb756648779c5a35c230d19973266f05d7e6d88a42f"
    },
    "site_crypto": {
      "bytes": 67,
      "path": "site-crypto.json",
      "sha256": "e180eca4a3959af37667aad6e6bd136037628df7d4e5b1448b7a0fa5eaa7292a"
    }
  },
  "running_services": [
    "redis-queue",
    "queue-fault",
    "backend",
    "websocket",
    "frontend",
    "fault-gateway",
    "remittance"
  ],
  "schema_version": "1.2"
}
