 Container aftermath-erpnext-queue-short-1  Stopping
 Container aftermath-erpnext-remittance-1  Stopping
 Container aftermath-erpnext-fault-gateway-1  Stopping
 Container aftermath-erpnext-queue-long-1  Stopping
 Container aftermath-erpnext-queue-long-1  Stopped
 Container aftermath-erpnext-queue-short-1  Stopped
 Container aftermath-erpnext-remittance-1  Stopped
 Container aftermath-erpnext-fault-gateway-1  Stopped
 Container aftermath-erpnext-frontend-1  Stopping
 Container aftermath-erpnext-frontend-1  Stopped
 Container aftermath-erpnext-websocket-1  Stopping
 Container aftermath-erpnext-backend-1  Stopping
 Container aftermath-erpnext-backend-1  Stopped
 Container aftermath-erpnext-websocket-1  Stopped
 Container aftermath-erpnext-queue-fault-1  Stopping
 Container aftermath-erpnext-queue-fault-1  Stopped
 Container aftermath-erpnext-redis-queue-1  Stopping
 Container aftermath-erpnext-redis-queue-1  Stopped
 Container aftermath-erpnext-redis-queue-1  Starting
 Container aftermath-erpnext-redis-queue-1  Started
 Container aftermath-erpnext-redis-queue-1  Waiting
 Container aftermath-erpnext-redis-queue-1  Healthy
 Container aftermath-erpnext-queue-fault-1  Starting
 Container aftermath-erpnext-queue-fault-1  Started
 Container aftermath-erpnext-backend-1  Starting
 Container aftermath-erpnext-queue-long-1  Starting
 Container aftermath-erpnext-queue-short-1  Starting
 Container aftermath-erpnext-websocket-1  Starting
 Container aftermath-erpnext-backend-1  Started
 Container aftermath-erpnext-websocket-1  Started
 Container aftermath-erpnext-queue-short-1  Started
 Container aftermath-erpnext-queue-long-1  Started
 Container aftermath-erpnext-frontend-1  Starting
 Container aftermath-erpnext-frontend-1  Started
 Container aftermath-erpnext-remittance-1  Starting
 Container aftermath-erpnext-fault-gateway-1  Starting
 Container aftermath-erpnext-fault-gateway-1  Started
 Container aftermath-erpnext-remittance-1  Started
OK
{
  "capture_mode": "simultaneous_service_quiescence",
  "files": {
    "database": {
      "bytes": 13216396,
      "path": "database.sql",
      "sha256": "80d19b6b29c94818883bd34259108b6ff0a4b8e57562a5272b76081f7bff5b91"
    },
    "gateway_audit": {
      "bytes": 30720,
      "path": "gateway-audit.tar",
      "sha256": "2a2d036d3efc21a6edc0841489cc3a0b6fa01af8686f2072b430bc92196a282b"
    },
    "redis_queue": {
      "bytes": 1205248,
      "path": "redis-queue.tar",
      "sha256": "fb3ee04382ef851ff04fd0250d3177998127814ba163c5e38cffbb4876c0eefd"
    },
    "remittance_audit": {
      "bytes": 30720,
      "path": "remittance-audit.tar",
      "sha256": "03e211c6eba34ee2906914c7d6a11b3f77d98337cc7c2fa3a3455a3fe53be3f3"
    },
    "site_crypto": {
      "bytes": 67,
      "path": "site-crypto.json",
      "sha256": "e180eca4a3959af37667aad6e6bd136037628df7d4e5b1448b7a0fa5eaa7292a"
    }
  },
  "running_services": [
    "redis-queue",
    "queue-fault",
    "backend",
    "queue-short",
    "queue-long",
    "websocket",
    "frontend",
    "fault-gateway",
    "remittance"
  ],
  "schema_version": "1.2"
}
