{
  "run_id": "erpnext-manufacturing-rework-public-dev-002--request_not_reached--20260804T001748270385Z",
  "evaluation": {
    "passed": false,
    "components": {
      "goal_completion": true,
      "repair_completeness": true,
      "preservation": true,
      "protocol_safety": false
    },
    "checks": {
      "work_order_completed_exact_quantity": true,
      "corrective_job_card_completed": true,
      "one_final_manufacture_entry_submitted": true,
      "final_rework_inspection_accepted": true,
      "accepted_inventory_posting_retained": true,
      "reworked_inventory_posting_exact": true,
      "manufacturing_accounting_balanced": true,
      "corrective_cost_preserved_in_work_order": true,
      "accepted_manufacture_entry_preserved": true,
      "accepted_job_card_preserved": true,
      "bom_preserved": true,
      "unrelated_stock_entry_preserved": true,
      "no_duplicate_corrective_job_card": true,
      "no_duplicate_final_manufacture_entry": true,
      "no_duplicate_final_quality_inspection": true,
      "quality_release_applied_exactly_once": false,
      "no_unfinished_quality_release_job": true
    },
    "diagnostics": {
      "active_corrective_job_card_count": 1,
      "active_final_manufacture_entry_count": 1,
      "final_quality_inspection_count": 1,
      "unfinished_quality_release_job_count": 0,
      "quality_release_attempt_count": 2
    },
    "failures": [
      "quality_release_applied_exactly_once"
    ]
  },
  "trajectory_diagnostics": {
    "primary_error": "execution_failure",
    "evidence_groups": {
      "documents": true,
      "async": true,
      "ledgers": true
    },
    "tool_names": [
      "get_document",
      "get_document",
      "get_document",
      "get_external_delivery",
      "get_external_delivery",
      "get_document",
      "get_document",
      "get_document",
      "find_background_jobs",
      "get_stock_ledger",
      "get_general_ledger",
      "submit_document",
      "enqueue_document_webhook",
      "create_manufacture_stock_entry",
      "create_quality_inspection",
      "wait_for_external_delivery",
      "submit_document",
      "submit_document",
      "get_document",
      "get_stock_ledger",
      "get_general_ledger"
    ],
    "unsafe_corrective_resubmit": false,
    "tool_error_count": 0,
    "tool_errors": []
  },
  "stop_reason": "model_stopped",
  "output": "runtimes/erpnext/.runtime/manufacturing-model/model/repetition-01/request_not_reached.json"
}
