 Container aftermath-erpnext-fault-gateway-1  Stopping
 Container aftermath-erpnext-remittance-1  Stopping
 Container aftermath-erpnext-queue-short-1  Stopping
 Container aftermath-erpnext-queue-long-1  Stopping
 Container aftermath-erpnext-queue-long-1  Stopped
 Container aftermath-erpnext-queue-short-1  Stopped
 Container aftermath-erpnext-remittance-1  Stopped
 Container aftermath-erpnext-fault-gateway-1  Stopped
 Container aftermath-erpnext-frontend-1  Stopping
 Container aftermath-erpnext-frontend-1  Stopped
 Container aftermath-erpnext-websocket-1  Stopping
 Container aftermath-erpnext-backend-1  Stopping
 Container aftermath-erpnext-backend-1  Stopped
 Container aftermath-erpnext-websocket-1  Stopped
 Container aftermath-erpnext-queue-fault-1  Stopping
 Container aftermath-erpnext-queue-fault-1  Stopped
 Container aftermath-erpnext-redis-queue-1  Stopping
 Container aftermath-erpnext-redis-queue-1  Stopped
 Container aftermath-erpnext-redis-queue-1  Starting
 Container aftermath-erpnext-redis-queue-1  Started
 Container aftermath-erpnext-redis-queue-1  Waiting
 Container aftermath-erpnext-redis-queue-1  Healthy
 Container aftermath-erpnext-queue-fault-1  Starting
 Container aftermath-erpnext-queue-fault-1  Started
 Container aftermath-erpnext-websocket-1  Starting
 Container aftermath-erpnext-queue-long-1  Starting
 Container aftermath-erpnext-queue-short-1  Starting
 Container aftermath-erpnext-backend-1  Starting
 Container aftermath-erpnext-websocket-1  Started
 Container aftermath-erpnext-queue-long-1  Started
 Container aftermath-erpnext-queue-short-1  Started
 Container aftermath-erpnext-backend-1  Started
 Container aftermath-erpnext-frontend-1  Starting
 Container aftermath-erpnext-frontend-1  Started
 Container aftermath-erpnext-remittance-1  Starting
 Container aftermath-erpnext-fault-gateway-1  Starting
 Container aftermath-erpnext-remittance-1  Started
 Container aftermath-erpnext-fault-gateway-1  Started
OK
{
  "capture_mode": "simultaneous_service_quiescence",
  "files": {
    "database": {
      "bytes": 13215100,
      "path": "database.sql",
      "sha256": "a908690907901313e0bd8654fde1f78e1d0142fcda47c7ecc447ee9e04e962fb"
    },
    "gateway_audit": {
      "bytes": 30720,
      "path": "gateway-audit.tar",
      "sha256": "7577f3a8b3ade1185227aa94162e68ced0129bf152312027f1d1a0cf9c91a07e"
    },
    "redis_queue": {
      "bytes": 1191936,
      "path": "redis-queue.tar",
      "sha256": "87ab8d4539367bb4bc59f420b34011533450c3b270824c64e5718229b850497b"
    },
    "remittance_audit": {
      "bytes": 30720,
      "path": "remittance-audit.tar",
      "sha256": "8c27cc74dbb813ae4766a3586e451116cc628054ff958617e522659f147ee1dd"
    },
    "site_crypto": {
      "bytes": 67,
      "path": "site-crypto.json",
      "sha256": "e180eca4a3959af37667aad6e6bd136037628df7d4e5b1448b7a0fa5eaa7292a"
    }
  },
  "running_services": [
    "redis-queue",
    "queue-fault",
    "backend",
    "queue-short",
    "queue-long",
    "websocket",
    "frontend",
    "fault-gateway",
    "remittance"
  ],
  "schema_version": "1.2"
}
