{
  "scenario_id": "k8s-constraint-interactions-public-dev-006",
  "prepared": true,
  "prefix_fingerprint": "f6d375a10bf46111c953f687c10ddd3ef3d30badfe0e6a3951e05c83187671a0",
  "prefix_sha256": "350e64c810a849a7d7cbe697d67465fbde3daa404745df3bda77b0776e2040cc"
}
{
  "variant": "state_01",
  "state_sha256": "15e09486a063a19ca5645ce0fb58f53cf46266cc8bf0a5ff8a35a274e66e9792",
  "phase": "native",
  "matches_expected": true,
  "output": "data/generated/public-dev-slot-003/native/runtime/state-evidence/reset-pre-snapshot.json"
}
{
  "schema_version": "1.0",
  "capture_mode": "etcd_snapshot_and_quiesced_registry_sqlite",
  "cluster_name": "aftermath-kubernetes",
  "node_image": "kindest/node:v1.34.0@sha256:7416a61b42b1662ca6ca89f02028ac133a309a2a30ba309614e8ec94d976dc5a",
  "files": {
    "etcd": {
      "path": "etcd.snapshot.db",
      "bytes": 1474592,
      "sha256": "a22c52559ee22d62d9ddaaa3b037913f405dc9be9029c32d978d2ca82445fac8"
    },
    "external_registry": {
      "path": "webhook-sink.sqlite3",
      "bytes": 24576,
      "sha256": "83950c053b0316ec88d3cb281e96e4d47953cfa9620a7d98b7d8d385608f6358"
    }
  }
}
{
  "capture_mode": "etcd_snapshot_and_quiesced_registry_sqlite",
  "cluster_name": "aftermath-kubernetes",
  "files": {
    "etcd": {
      "bytes": 1474592,
      "path": "etcd.snapshot.db",
      "sha256": "a22c52559ee22d62d9ddaaa3b037913f405dc9be9029c32d978d2ca82445fac8"
    },
    "external_registry": {
      "bytes": 24576,
      "path": "webhook-sink.sqlite3",
      "sha256": "83950c053b0316ec88d3cb281e96e4d47953cfa9620a7d98b7d8d385608f6358"
    }
  },
  "node_image": "kindest/node:v1.34.0@sha256:7416a61b42b1662ca6ca89f02028ac133a309a2a30ba309614e8ec94d976dc5a",
  "schema_version": "1.0",
  "restore_token": "b08cc6b1949644c6ad87cea4ecef238e",
  "restarted_control_plane": {
    "kube-apiserver": "5afa613411d9e27512cdf931a07939569e3e64096b14eac6fd146dea6062ec2b",
    "kube-controller-manager": "4a5b18950c1f5e969d36ecc6942b59beded9ac823b36e4e6bf32f8c399c3de4b",
    "kube-scheduler": "a69d39c45e337a7fc94f26892c0f2733423de2cb020394fc4d3a43d5a7796d14"
  },
  "restarted_kubelet_pid": "7718"
}
{
  "variant": "state_01",
  "state_sha256": "15e09486a063a19ca5645ce0fb58f53cf46266cc8bf0a5ff8a35a274e66e9792",
  "phase": "reset",
  "matches_expected": true,
  "output": "data/generated/public-dev-slot-003/native/runtime/state-evidence/state_01-reset.json"
}
{
  "variant": "state_01",
  "passed": true,
  "checks": {
    "same_surface_error": true,
    "native_facts_match_declared_matrix": true
  }
}
{
  "variant": "state_01",
  "state_sha256": "f318d9a045afb80e51457e5c341dfba2c327517ac47f69ef2da995395070bbd8",
  "phase": "native",
  "matches_expected": true,
  "output": "data/generated/public-dev-slot-003/native/runtime/state-evidence/state_01-pre-snapshot.json"
}
{
  "schema_version": "1.0",
  "capture_mode": "etcd_snapshot_and_quiesced_registry_sqlite",
  "cluster_name": "aftermath-kubernetes",
  "node_image": "kindest/node:v1.34.0@sha256:7416a61b42b1662ca6ca89f02028ac133a309a2a30ba309614e8ec94d976dc5a",
  "files": {
    "etcd": {
      "path": "etcd.snapshot.db",
      "bytes": 1835040,
      "sha256": "3ca7625dab51724b086b4d7d1d0298590a65e1c032b99d8352f1d1d30a7ce6de"
    },
    "external_registry": {
      "path": "webhook-sink.sqlite3",
      "bytes": 24576,
      "sha256": "83950c053b0316ec88d3cb281e96e4d47953cfa9620a7d98b7d8d385608f6358"
    }
  }
}
{
  "capture_mode": "etcd_snapshot_and_quiesced_registry_sqlite",
  "cluster_name": "aftermath-kubernetes",
  "files": {
    "etcd": {
      "bytes": 1835040,
      "path": "etcd.snapshot.db",
      "sha256": "3ca7625dab51724b086b4d7d1d0298590a65e1c032b99d8352f1d1d30a7ce6de"
    },
    "external_registry": {
      "bytes": 24576,
      "path": "webhook-sink.sqlite3",
      "sha256": "83950c053b0316ec88d3cb281e96e4d47953cfa9620a7d98b7d8d385608f6358"
    }
  },
  "node_image": "kindest/node:v1.34.0@sha256:7416a61b42b1662ca6ca89f02028ac133a309a2a30ba309614e8ec94d976dc5a",
  "schema_version": "1.0",
  "restore_token": "3d7f07777bfa441c8a77f4f46064a9cd",
  "restarted_control_plane": {
    "kube-apiserver": "7d09802a4250ae7ead34a6e2762be2719bb6135b9d0419c54f4f1060e65f3445",
    "kube-controller-manager": "2b2bfd03c1c4b1996096c9c9fe0b3a92346bf61f6bc3d971de56581f2db26b76",
    "kube-scheduler": "0a5e8d82c7412c92fa9c88e231e2eca8f8bfd1330fcea599d5d4294e7a09cb88"
  },
  "restarted_kubelet_pid": "10112"
}
{
  "variant": "state_01",
  "state_sha256": "f318d9a045afb80e51457e5c341dfba2c327517ac47f69ef2da995395070bbd8",
  "phase": "boundary",
  "matches_expected": true,
  "output": "data/generated/public-dev-slot-003/native/runtime/state-evidence/state_01-boundary.json"
}
{
  "capture_mode": "etcd_snapshot_and_quiesced_registry_sqlite",
  "cluster_name": "aftermath-kubernetes",
  "files": {
    "etcd": {
      "bytes": 1835040,
      "path": "etcd.snapshot.db",
      "sha256": "3ca7625dab51724b086b4d7d1d0298590a65e1c032b99d8352f1d1d30a7ce6de"
    },
    "external_registry": {
      "bytes": 24576,
      "path": "webhook-sink.sqlite3",
      "sha256": "83950c053b0316ec88d3cb281e96e4d47953cfa9620a7d98b7d8d385608f6358"
    }
  },
  "node_image": "kindest/node:v1.34.0@sha256:7416a61b42b1662ca6ca89f02028ac133a309a2a30ba309614e8ec94d976dc5a",
  "schema_version": "1.0",
  "restore_token": "8127fe684b7548ae80ff68439ed141a2",
  "restarted_control_plane": {
    "kube-apiserver": "19d3b3732d2630a07e5cbf7427436d014feadc93ab660dc3ad58945a063360be",
    "kube-controller-manager": "e508cfcf535833815fb035d67653e7f314a2636dd8078778afb5c21ed4603a89",
    "kube-scheduler": "b2c2c219091ba37c9dd337399d36cd33db22d8382757cbf90cd4f5c04abf9a0e"
  },
  "restarted_kubelet_pid": "12230"
}
{
  "variant": "state_01",
  "state_sha256": "f318d9a045afb80e51457e5c341dfba2c327517ac47f69ef2da995395070bbd8",
  "phase": "boundary",
  "matches_expected": true,
  "output": "data/generated/public-dev-slot-003/native/runtime/state-evidence/state_01-reference-start.json"
}
{
  "variant": "state_01",
  "direction": "discard_failed_change",
  "passed": true,
  "mutations": 7,
  "error": null,
  "failed_checks": [],
  "failures": [],
  "observed_terminal": {
    "candidate_present": false,
    "change_record_state": "resolved",
    "release_ledger_status": "aborted",
    "release_ledger_schema_epoch": "7",
    "recovery_audit": {
      "status": "complete",
      "schema_epoch": "7",
      "api_version": "v4",
      "worker_version": "v4",
      "credential_generation": "11",
      "migration_job_uid": "187e61db-0f56-42ee-86b3-fbc6ddcf373f",
      "transition_job_uid": "none",
      "publication_job_uid": "none",
      "preparation_resolution": "not-created",
      "release_resolution": "not-applicable"
    }
  }
}
{
  "capture_mode": "etcd_snapshot_and_quiesced_registry_sqlite",
  "cluster_name": "aftermath-kubernetes",
  "files": {
    "etcd": {
      "bytes": 1474592,
      "path": "etcd.snapshot.db",
      "sha256": "a22c52559ee22d62d9ddaaa3b037913f405dc9be9029c32d978d2ca82445fac8"
    },
    "external_registry": {
      "bytes": 24576,
      "path": "webhook-sink.sqlite3",
      "sha256": "83950c053b0316ec88d3cb281e96e4d47953cfa9620a7d98b7d8d385608f6358"
    }
  },
  "node_image": "kindest/node:v1.34.0@sha256:7416a61b42b1662ca6ca89f02028ac133a309a2a30ba309614e8ec94d976dc5a",
  "schema_version": "1.0",
  "restore_token": "bc551de734774f8cb9493af2e75b7ea1",
  "restarted_control_plane": {
    "kube-apiserver": "ecdd5f7f11c6da078ea21865e6e353a7911d6d708087452587065dac473a41cf",
    "kube-controller-manager": "6d705632175d0a3277588459928f3cfec08b9e3461f64aaca3624ffad31d389a",
    "kube-scheduler": "70ae04a638d1fca778a02c7f8296e812daef1cc76d9c82d36214dff5cba97592"
  },
  "restarted_kubelet_pid": "14348"
}
{
  "variant": "state_02",
  "state_sha256": "15e09486a063a19ca5645ce0fb58f53cf46266cc8bf0a5ff8a35a274e66e9792",
  "phase": "reset",
  "matches_expected": true,
  "output": "data/generated/public-dev-slot-003/native/runtime/state-evidence/state_02-reset.json"
}
{
  "variant": "state_02",
  "passed": true,
  "checks": {
    "same_surface_error": true,
    "native_facts_match_declared_matrix": true
  }
}
{
  "variant": "state_02",
  "state_sha256": "b83c5cdffcbeb73934496af7e1c7151b0a335b46955332f23a12c6ca26d28224",
  "phase": "native",
  "matches_expected": true,
  "output": "data/generated/public-dev-slot-003/native/runtime/state-evidence/state_02-pre-snapshot.json"
}
{
  "schema_version": "1.0",
  "capture_mode": "etcd_snapshot_and_quiesced_registry_sqlite",
  "cluster_name": "aftermath-kubernetes",
  "node_image": "kindest/node:v1.34.0@sha256:7416a61b42b1662ca6ca89f02028ac133a309a2a30ba309614e8ec94d976dc5a",
  "files": {
    "etcd": {
      "path": "etcd.snapshot.db",
      "bytes": 1839136,
      "sha256": "6931f11d44619e9c90f588a6abe15a3b80a709454d55ad387942b37e7de0c5be"
    },
    "external_registry": {
      "path": "webhook-sink.sqlite3",
      "bytes": 24576,
      "sha256": "30f203aac7f2d0901e38d6538c9ea34dc486c316c4fba8d994a6f3c8ffd0f959"
    }
  }
}
{
  "capture_mode": "etcd_snapshot_and_quiesced_registry_sqlite",
  "cluster_name": "aftermath-kubernetes",
  "files": {
    "etcd": {
      "bytes": 1839136,
      "path": "etcd.snapshot.db",
      "sha256": "6931f11d44619e9c90f588a6abe15a3b80a709454d55ad387942b37e7de0c5be"
    },
    "external_registry": {
      "bytes": 24576,
      "path": "webhook-sink.sqlite3",
      "sha256": "30f203aac7f2d0901e38d6538c9ea34dc486c316c4fba8d994a6f3c8ffd0f959"
    }
  },
  "node_image": "kindest/node:v1.34.0@sha256:7416a61b42b1662ca6ca89f02028ac133a309a2a30ba309614e8ec94d976dc5a",
  "schema_version": "1.0",
  "restore_token": "ce189bec510245f486029a09f19aee64",
  "restarted_control_plane": {
    "kube-apiserver": "56ca05c33c327794bf570af3e6da739bd09d35a6cc6c3457e967c930e427e3f2",
    "kube-controller-manager": "94c7181889f6beb0d798e56bde66edeb1f4ffa82e3e57955d70faddb91af80c0",
    "kube-scheduler": "d28fe15c339286316ccce7b23f7faca62d48eaf61e19e916db65c8a28a6bc511"
  },
  "restarted_kubelet_pid": "16705"
}
{
  "variant": "state_02",
  "state_sha256": "b83c5cdffcbeb73934496af7e1c7151b0a335b46955332f23a12c6ca26d28224",
  "phase": "boundary",
  "matches_expected": true,
  "output": "data/generated/public-dev-slot-003/native/runtime/state-evidence/state_02-boundary.json"
}
{
  "capture_mode": "etcd_snapshot_and_quiesced_registry_sqlite",
  "cluster_name": "aftermath-kubernetes",
  "files": {
    "etcd": {
      "bytes": 1839136,
      "path": "etcd.snapshot.db",
      "sha256": "6931f11d44619e9c90f588a6abe15a3b80a709454d55ad387942b37e7de0c5be"
    },
    "external_registry": {
      "bytes": 24576,
      "path": "webhook-sink.sqlite3",
      "sha256": "30f203aac7f2d0901e38d6538c9ea34dc486c316c4fba8d994a6f3c8ffd0f959"
    }
  },
  "node_image": "kindest/node:v1.34.0@sha256:7416a61b42b1662ca6ca89f02028ac133a309a2a30ba309614e8ec94d976dc5a",
  "schema_version": "1.0",
  "restore_token": "b4d231d4c0d04ddaae31d9666918edb3",
  "restarted_control_plane": {
    "kube-apiserver": "343f120de4fb4e2c368188b2da5bb229cb79e19ecaee6ffbe617556ccb70a6cd",
    "kube-controller-manager": "3dfaadd4a11233f14f22f562deee197add8c7a59e3e8c92467466dddb33f61a3",
    "kube-scheduler": "32120bb53827ab7bef370f02de1cfc045a7fd1dd18ba1f32347b8805e8fe6f46"
  },
  "restarted_kubelet_pid": "18815"
}
{
  "variant": "state_02",
  "state_sha256": "b83c5cdffcbeb73934496af7e1c7151b0a335b46955332f23a12c6ca26d28224",
  "phase": "boundary",
  "matches_expected": true,
  "output": "data/generated/public-dev-slot-003/native/runtime/state-evidence/state_02-reference-start.json"
}
{
  "variant": "state_02",
  "direction": "compensate_and_discard_failed_change",
  "passed": true,
  "mutations": 8,
  "error": null,
  "failed_checks": [],
  "failures": [],
  "observed_terminal": {
    "candidate_present": false,
    "change_record_state": "resolved",
    "release_ledger_status": "aborted",
    "release_ledger_schema_epoch": "7",
    "recovery_audit": {
      "status": "complete",
      "schema_epoch": "7",
      "api_version": "v4",
      "worker_version": "v4",
      "credential_generation": "11",
      "migration_job_uid": "aa933cdb-d9d3-4ef3-b3cf-f4ef404efd62",
      "transition_job_uid": "none",
      "publication_job_uid": "none",
      "preparation_resolution": "compensated",
      "release_resolution": "not-applicable"
    }
  }
}
{
  "capture_mode": "etcd_snapshot_and_quiesced_registry_sqlite",
  "cluster_name": "aftermath-kubernetes",
  "files": {
    "etcd": {
      "bytes": 1474592,
      "path": "etcd.snapshot.db",
      "sha256": "a22c52559ee22d62d9ddaaa3b037913f405dc9be9029c32d978d2ca82445fac8"
    },
    "external_registry": {
      "bytes": 24576,
      "path": "webhook-sink.sqlite3",
      "sha256": "83950c053b0316ec88d3cb281e96e4d47953cfa9620a7d98b7d8d385608f6358"
    }
  },
  "node_image": "kindest/node:v1.34.0@sha256:7416a61b42b1662ca6ca89f02028ac133a309a2a30ba309614e8ec94d976dc5a",
  "schema_version": "1.0",
  "restore_token": "427b43c44ab64d7d95bf7fc77ec732cd",
  "restarted_control_plane": {
    "kube-apiserver": "5a643827056a65a656e7c4094059808a1c8d65722ce0141a42f7e01f697001bd",
    "kube-controller-manager": "e85cd59168020b627b72bceee9b832f639dcfaf83c5ef1d8eb896d092e50b69a",
    "kube-scheduler": "6e3db266d7e650ca5b55d7b0e84aeb802744b98e26012349babd80f2ccf482e7"
  },
  "restarted_kubelet_pid": "20847"
}
{
  "variant": "state_03",
  "state_sha256": "15e09486a063a19ca5645ce0fb58f53cf46266cc8bf0a5ff8a35a274e66e9792",
  "phase": "reset",
  "matches_expected": true,
  "output": "data/generated/public-dev-slot-003/native/runtime/state-evidence/state_03-reset.json"
}
{
  "variant": "state_03",
  "passed": true,
  "checks": {
    "same_surface_error": true,
    "native_facts_match_declared_matrix": true
  }
}
{
  "variant": "state_03",
  "state_sha256": "79417da301704dbbc212155c37122a826d73f391b1c10e849b3234274c888c8e",
  "phase": "native",
  "matches_expected": true,
  "output": "data/generated/public-dev-slot-003/native/runtime/state-evidence/state_03-pre-snapshot.json"
}
{
  "schema_version": "1.0",
  "capture_mode": "etcd_snapshot_and_quiesced_registry_sqlite",
  "cluster_name": "aftermath-kubernetes",
  "node_image": "kindest/node:v1.34.0@sha256:7416a61b42b1662ca6ca89f02028ac133a309a2a30ba309614e8ec94d976dc5a",
  "files": {
    "etcd": {
      "path": "etcd.snapshot.db",
      "bytes": 1839136,
      "sha256": "789cdd1f2d1b13d4fe1c73c5642e83bed4580d24a1a3816df4067eea9611e8b5"
    },
    "external_registry": {
      "path": "webhook-sink.sqlite3",
      "bytes": 24576,
      "sha256": "83950c053b0316ec88d3cb281e96e4d47953cfa9620a7d98b7d8d385608f6358"
    }
  }
}
{
  "capture_mode": "etcd_snapshot_and_quiesced_registry_sqlite",
  "cluster_name": "aftermath-kubernetes",
  "files": {
    "etcd": {
      "bytes": 1839136,
      "path": "etcd.snapshot.db",
      "sha256": "789cdd1f2d1b13d4fe1c73c5642e83bed4580d24a1a3816df4067eea9611e8b5"
    },
    "external_registry": {
      "bytes": 24576,
      "path": "webhook-sink.sqlite3",
      "sha256": "83950c053b0316ec88d3cb281e96e4d47953cfa9620a7d98b7d8d385608f6358"
    }
  },
  "node_image": "kindest/node:v1.34.0@sha256:7416a61b42b1662ca6ca89f02028ac133a309a2a30ba309614e8ec94d976dc5a",
  "schema_version": "1.0",
  "restore_token": "a3e500d3a9d34228a2b8d29fa4e9d020",
  "restarted_control_plane": {
    "kube-apiserver": "c2ceef52279cdf57072a80886feb22bb3a75104d45f086b201d576ca6c8cf866",
    "kube-controller-manager": "1eac75c87b4b3fa16bf2ed1dab2bbb95bb92650673dc3937c77df51b8ef40a66",
    "kube-scheduler": "b3538d51b252d0bcb2f8e3b6a5b850a08e9aba89cd5aae1ece61e7ea617e1334"
  },
  "restarted_kubelet_pid": "23460"
}
{
  "variant": "state_03",
  "state_sha256": "79417da301704dbbc212155c37122a826d73f391b1c10e849b3234274c888c8e",
  "phase": "boundary",
  "matches_expected": true,
  "output": "data/generated/public-dev-slot-003/native/runtime/state-evidence/state_03-boundary.json"
}
{
  "capture_mode": "etcd_snapshot_and_quiesced_registry_sqlite",
  "cluster_name": "aftermath-kubernetes",
  "files": {
    "etcd": {
      "bytes": 1839136,
      "path": "etcd.snapshot.db",
      "sha256": "789cdd1f2d1b13d4fe1c73c5642e83bed4580d24a1a3816df4067eea9611e8b5"
    },
    "external_registry": {
      "bytes": 24576,
      "path": "webhook-sink.sqlite3",
      "sha256": "83950c053b0316ec88d3cb281e96e4d47953cfa9620a7d98b7d8d385608f6358"
    }
  },
  "node_image": "kindest/node:v1.34.0@sha256:7416a61b42b1662ca6ca89f02028ac133a309a2a30ba309614e8ec94d976dc5a",
  "schema_version": "1.0",
  "restore_token": "8a51620d514d4234a5e8f06288ed3dde",
  "restarted_control_plane": {
    "kube-apiserver": "23eabc2852dc56bf49a02813b5ca8bdc1c39a6b289ccc942133f69f909462c3d",
    "kube-controller-manager": "a60ba09f10c1d13e3e31f47b2cdd3b5afcf9e21210a1c5f031efa3ef32730ffa",
    "kube-scheduler": "7070b6acff580c11fddcf3eef8ef0faab0777ad279d60f0e3232c7d31d39e012"
  },
  "restarted_kubelet_pid": "25508"
}
{
  "variant": "state_03",
  "state_sha256": "79417da301704dbbc212155c37122a826d73f391b1c10e849b3234274c888c8e",
  "phase": "boundary",
  "matches_expected": true,
  "output": "data/generated/public-dev-slot-003/native/runtime/state-evidence/state_03-reference-start.json"
}
{
  "variant": "state_03",
  "direction": "create_deferred_transition_owner",
  "passed": true,
  "mutations": 5,
  "error": null,
  "failed_checks": [],
  "failures": [],
  "observed_terminal": {
    "candidate_present": true,
    "change_record_state": "resolved",
    "release_ledger_status": "deferred",
    "release_ledger_schema_epoch": "8",
    "recovery_audit": {
      "status": "complete",
      "schema_epoch": "8",
      "api_version": "v5",
      "worker_version": "v4",
      "credential_generation": "11",
      "migration_job_uid": "6f78973c-0b97-4e02-ad62-f136fed980de",
      "transition_job_uid": "91c58bef-1f71-4cdd-a728-1d0d844f2f37",
      "publication_job_uid": "none",
      "preparation_resolution": "not-created",
      "release_resolution": "deferred"
    }
  }
}
{
  "capture_mode": "etcd_snapshot_and_quiesced_registry_sqlite",
  "cluster_name": "aftermath-kubernetes",
  "files": {
    "etcd": {
      "bytes": 1474592,
      "path": "etcd.snapshot.db",
      "sha256": "a22c52559ee22d62d9ddaaa3b037913f405dc9be9029c32d978d2ca82445fac8"
    },
    "external_registry": {
      "bytes": 24576,
      "path": "webhook-sink.sqlite3",
      "sha256": "83950c053b0316ec88d3cb281e96e4d47953cfa9620a7d98b7d8d385608f6358"
    }
  },
  "node_image": "kindest/node:v1.34.0@sha256:7416a61b42b1662ca6ca89f02028ac133a309a2a30ba309614e8ec94d976dc5a",
  "schema_version": "1.0",
  "restore_token": "e2748457c3d94ce3bc5387d67834ce68",
  "restarted_control_plane": {
    "kube-apiserver": "76c25f278811233b0d4da7ab38dcf80eefe4d6303be9535ebff45dd25cd92268",
    "kube-controller-manager": "e13749af62a99146b2d0cb052d49835d2a8d38d5faa7b3de154100b392631b2b",
    "kube-scheduler": "55758b44ea59e1ab82e298528cc5a8ac8277b23918e8bbd683fae06d87a4e264"
  },
  "restarted_kubelet_pid": "27647"
}
{
  "variant": "state_04",
  "state_sha256": "15e09486a063a19ca5645ce0fb58f53cf46266cc8bf0a5ff8a35a274e66e9792",
  "phase": "reset",
  "matches_expected": true,
  "output": "data/generated/public-dev-slot-003/native/runtime/state-evidence/state_04-reset.json"
}
{
  "variant": "state_04",
  "passed": true,
  "checks": {
    "same_surface_error": true,
    "native_facts_match_declared_matrix": true
  }
}
{
  "variant": "state_04",
  "state_sha256": "5703ae5a04ddb4b043c843d2e6e70dd3f494c479b50d492f97b9698c95ad1d0b",
  "phase": "native",
  "matches_expected": true,
  "output": "data/generated/public-dev-slot-003/native/runtime/state-evidence/state_04-pre-snapshot.json"
}
{
  "schema_version": "1.0",
  "capture_mode": "etcd_snapshot_and_quiesced_registry_sqlite",
  "cluster_name": "aftermath-kubernetes",
  "node_image": "kindest/node:v1.34.0@sha256:7416a61b42b1662ca6ca89f02028ac133a309a2a30ba309614e8ec94d976dc5a",
  "files": {
    "etcd": {
      "path": "etcd.snapshot.db",
      "bytes": 1826848,
      "sha256": "631f1fe92026044d0112f1756c2d1d7fb5322b8e371002b6a2ca2c596681002d"
    },
    "external_registry": {
      "path": "webhook-sink.sqlite3",
      "bytes": 24576,
      "sha256": "83950c053b0316ec88d3cb281e96e4d47953cfa9620a7d98b7d8d385608f6358"
    }
  }
}
{
  "capture_mode": "etcd_snapshot_and_quiesced_registry_sqlite",
  "cluster_name": "aftermath-kubernetes",
  "files": {
    "etcd": {
      "bytes": 1826848,
      "path": "etcd.snapshot.db",
      "sha256": "631f1fe92026044d0112f1756c2d1d7fb5322b8e371002b6a2ca2c596681002d"
    },
    "external_registry": {
      "bytes": 24576,
      "path": "webhook-sink.sqlite3",
      "sha256": "83950c053b0316ec88d3cb281e96e4d47953cfa9620a7d98b7d8d385608f6358"
    }
  },
  "node_image": "kindest/node:v1.34.0@sha256:7416a61b42b1662ca6ca89f02028ac133a309a2a30ba309614e8ec94d976dc5a",
  "schema_version": "1.0",
  "restore_token": "959bda2ecc6841ad8a285d7fc1f56de1",
  "restarted_control_plane": {
    "kube-apiserver": "10e7a9caf5ec8a6e8bd2cee0545fe6d5c5bac1295f717179cddfacce258f28ac",
    "kube-controller-manager": "8660e8a4cc0c711442a81dc4f9677bb83df732a231657cdbb94e3380e0eb8218",
    "kube-scheduler": "5540b70d46430a1a75ee53c486aefc0b2a7c7b1fddcd075d4233267fa93edb67"
  },
  "restarted_kubelet_pid": "30343"
}
{
  "variant": "state_04",
  "state_sha256": "5703ae5a04ddb4b043c843d2e6e70dd3f494c479b50d492f97b9698c95ad1d0b",
  "phase": "boundary",
  "matches_expected": true,
  "output": "data/generated/public-dev-slot-003/native/runtime/state-evidence/state_04-boundary.json"
}
{
  "capture_mode": "etcd_snapshot_and_quiesced_registry_sqlite",
  "cluster_name": "aftermath-kubernetes",
  "files": {
    "etcd": {
      "bytes": 1826848,
      "path": "etcd.snapshot.db",
      "sha256": "631f1fe92026044d0112f1756c2d1d7fb5322b8e371002b6a2ca2c596681002d"
    },
    "external_registry": {
      "bytes": 24576,
      "path": "webhook-sink.sqlite3",
      "sha256": "83950c053b0316ec88d3cb281e96e4d47953cfa9620a7d98b7d8d385608f6358"
    }
  },
  "node_image": "kindest/node:v1.34.0@sha256:7416a61b42b1662ca6ca89f02028ac133a309a2a30ba309614e8ec94d976dc5a",
  "schema_version": "1.0",
  "restore_token": "7965a4cd446e41928dd0d42711225234",
  "restarted_control_plane": {
    "kube-apiserver": "0a1851cbec1a0b5ded11db328de0e5e7c28eaa9f40bf4d90273074b97c8d25f9",
    "kube-controller-manager": "9a2ed6551f050721e01900e1a5abfda54dd47a9da6529621471fee294db64fdb",
    "kube-scheduler": "ba3bdfaf3424a02219b9c3aed1cecc078d7f24d34b84d872d583c3377defb4cd"
  },
  "restarted_kubelet_pid": "32391"
}
{
  "variant": "state_04",
  "state_sha256": "5703ae5a04ddb4b043c843d2e6e70dd3f494c479b50d492f97b9698c95ad1d0b",
  "phase": "boundary",
  "matches_expected": true,
  "output": "data/generated/public-dev-slot-003/native/runtime/state-evidence/state_04-reference-start.json"
}
{
  "variant": "state_04",
  "direction": "preserve_deferred_transition_owner",
  "passed": true,
  "mutations": 4,
  "error": null,
  "failed_checks": [],
  "failures": [],
  "observed_terminal": {
    "candidate_present": true,
    "change_record_state": "resolved",
    "release_ledger_status": "deferred",
    "release_ledger_schema_epoch": "8",
    "recovery_audit": {
      "status": "complete",
      "schema_epoch": "8",
      "api_version": "v5",
      "worker_version": "v4",
      "credential_generation": "11",
      "migration_job_uid": "60f42601-6aa3-44f0-90fe-acc331469e5c",
      "transition_job_uid": "bdb58e7f-7325-4bae-a783-85a1a41f4a05",
      "publication_job_uid": "none",
      "preparation_resolution": "not-created",
      "release_resolution": "deferred"
    }
  }
}
{
  "capture_mode": "etcd_snapshot_and_quiesced_registry_sqlite",
  "cluster_name": "aftermath-kubernetes",
  "files": {
    "etcd": {
      "bytes": 1474592,
      "path": "etcd.snapshot.db",
      "sha256": "a22c52559ee22d62d9ddaaa3b037913f405dc9be9029c32d978d2ca82445fac8"
    },
    "external_registry": {
      "bytes": 24576,
      "path": "webhook-sink.sqlite3",
      "sha256": "83950c053b0316ec88d3cb281e96e4d47953cfa9620a7d98b7d8d385608f6358"
    }
  },
  "node_image": "kindest/node:v1.34.0@sha256:7416a61b42b1662ca6ca89f02028ac133a309a2a30ba309614e8ec94d976dc5a",
  "schema_version": "1.0",
  "restore_token": "0c18e8fa159c418da61682a3f6c9c688",
  "restarted_control_plane": {
    "kube-apiserver": "0f358e1ba0e2d3da80029d99a7053ac7e6cc81ca41bed7f6c65de52ea75f8425",
    "kube-controller-manager": "0f6929338920dbb457add220f8b050ece076b82a02d64581769e2e19d4b6a056",
    "kube-scheduler": "474afacd14d4a52df2b2f6135d457f393f972bc7ccaaec05564dac58fe403193"
  },
  "restarted_kubelet_pid": "34580"
}
{
  "variant": "state_05",
  "state_sha256": "15e09486a063a19ca5645ce0fb58f53cf46266cc8bf0a5ff8a35a274e66e9792",
  "phase": "reset",
  "matches_expected": true,
  "output": "data/generated/public-dev-slot-003/native/runtime/state-evidence/state_05-reset.json"
}
{
  "variant": "state_05",
  "passed": true,
  "checks": {
    "same_surface_error": true,
    "native_facts_match_declared_matrix": true
  }
}
{
  "variant": "state_05",
  "state_sha256": "e5d32e61d72842b0939f06634b59de400a119ccc5a64cb3984b74ee4a7027447",
  "phase": "native",
  "matches_expected": true,
  "output": "data/generated/public-dev-slot-003/native/runtime/state-evidence/state_05-pre-snapshot.json"
}
{
  "schema_version": "1.0",
  "capture_mode": "etcd_snapshot_and_quiesced_registry_sqlite",
  "cluster_name": "aftermath-kubernetes",
  "node_image": "kindest/node:v1.34.0@sha256:7416a61b42b1662ca6ca89f02028ac133a309a2a30ba309614e8ec94d976dc5a",
  "files": {
    "etcd": {
      "path": "etcd.snapshot.db",
      "bytes": 1835040,
      "sha256": "5f7bdcc00f99150afa6481268a114511b6b4282c5dbdb71a99ecc0370067bd8a"
    },
    "external_registry": {
      "path": "webhook-sink.sqlite3",
      "bytes": 24576,
      "sha256": "83950c053b0316ec88d3cb281e96e4d47953cfa9620a7d98b7d8d385608f6358"
    }
  }
}
{
  "capture_mode": "etcd_snapshot_and_quiesced_registry_sqlite",
  "cluster_name": "aftermath-kubernetes",
  "files": {
    "etcd": {
      "bytes": 1835040,
      "path": "etcd.snapshot.db",
      "sha256": "5f7bdcc00f99150afa6481268a114511b6b4282c5dbdb71a99ecc0370067bd8a"
    },
    "external_registry": {
      "bytes": 24576,
      "path": "webhook-sink.sqlite3",
      "sha256": "83950c053b0316ec88d3cb281e96e4d47953cfa9620a7d98b7d8d385608f6358"
    }
  },
  "node_image": "kindest/node:v1.34.0@sha256:7416a61b42b1662ca6ca89f02028ac133a309a2a30ba309614e8ec94d976dc5a",
  "schema_version": "1.0",
  "restore_token": "8ebb552c46e7403c88ff8f49161fd71d",
  "restarted_control_plane": {
    "kube-apiserver": "9046db17ade06bf838b45fb7c5992ab5914827d37b2574430c7e6bea78256df6",
    "kube-controller-manager": "a1cc15c99f664286105013b66d404516656711b8430832723e971b1b8cc40665",
    "kube-scheduler": "1cfb00c21ca15ba71cd757d7a24bca034dbaeb63f579fade84682c409b75b846"
  },
  "restarted_kubelet_pid": "37372"
}
{
  "variant": "state_05",
  "state_sha256": "e5d32e61d72842b0939f06634b59de400a119ccc5a64cb3984b74ee4a7027447",
  "phase": "boundary",
  "matches_expected": true,
  "output": "data/generated/public-dev-slot-003/native/runtime/state-evidence/state_05-boundary.json"
}
{
  "capture_mode": "etcd_snapshot_and_quiesced_registry_sqlite",
  "cluster_name": "aftermath-kubernetes",
  "files": {
    "etcd": {
      "bytes": 1835040,
      "path": "etcd.snapshot.db",
      "sha256": "5f7bdcc00f99150afa6481268a114511b6b4282c5dbdb71a99ecc0370067bd8a"
    },
    "external_registry": {
      "bytes": 24576,
      "path": "webhook-sink.sqlite3",
      "sha256": "83950c053b0316ec88d3cb281e96e4d47953cfa9620a7d98b7d8d385608f6358"
    }
  },
  "node_image": "kindest/node:v1.34.0@sha256:7416a61b42b1662ca6ca89f02028ac133a309a2a30ba309614e8ec94d976dc5a",
  "schema_version": "1.0",
  "restore_token": "ab15531efc8a43f8a3a696259c2a7601",
  "restarted_control_plane": {
    "kube-apiserver": "9a968c6a45513bbc9623f6f2bde3f162ec15e4f07b4d28fad63f98c0cbdb96e3",
    "kube-controller-manager": "24566f31af8ecae814b3a925c7d1685b40a872576226a2e0a5dcea6efde1567c",
    "kube-scheduler": "dd3b1556eee390570f43a0752384188a4c5f6c6ead0ac4edc0b691dff804e4bb"
  },
  "restarted_kubelet_pid": "39510"
}
{
  "variant": "state_05",
  "state_sha256": "e5d32e61d72842b0939f06634b59de400a119ccc5a64cb3984b74ee4a7027447",
  "phase": "boundary",
  "matches_expected": true,
  "output": "data/generated/public-dev-slot-003/native/runtime/state-evidence/state_05-reference-start.json"
}
{
  "variant": "state_05",
  "direction": "renew_bridge_and_preserve_transition_owner",
  "passed": true,
  "mutations": 5,
  "error": null,
  "failed_checks": [],
  "failures": [],
  "observed_terminal": {
    "candidate_present": true,
    "change_record_state": "resolved",
    "release_ledger_status": "deferred",
    "release_ledger_schema_epoch": "8",
    "recovery_audit": {
      "status": "complete",
      "schema_epoch": "8",
      "api_version": "v5",
      "worker_version": "v4",
      "credential_generation": "11",
      "migration_job_uid": "76f6f78d-d7a7-472f-b6c1-7213b666b080",
      "transition_job_uid": "7ef7a9d6-427e-430d-9217-90c0e8a52b5b",
      "publication_job_uid": "none",
      "preparation_resolution": "not-created",
      "release_resolution": "deferred"
    }
  }
}
{
  "capture_mode": "etcd_snapshot_and_quiesced_registry_sqlite",
  "cluster_name": "aftermath-kubernetes",
  "files": {
    "etcd": {
      "bytes": 1474592,
      "path": "etcd.snapshot.db",
      "sha256": "a22c52559ee22d62d9ddaaa3b037913f405dc9be9029c32d978d2ca82445fac8"
    },
    "external_registry": {
      "bytes": 24576,
      "path": "webhook-sink.sqlite3",
      "sha256": "83950c053b0316ec88d3cb281e96e4d47953cfa9620a7d98b7d8d385608f6358"
    }
  },
  "node_image": "kindest/node:v1.34.0@sha256:7416a61b42b1662ca6ca89f02028ac133a309a2a30ba309614e8ec94d976dc5a",
  "schema_version": "1.0",
  "restore_token": "5f516280416144e28c4631dba1eb628c",
  "restarted_control_plane": {
    "kube-apiserver": "796e4d6030746333a184a5c145d164af306fa2cf137295d77df4c3fd5dc58391",
    "kube-controller-manager": "7e36f64857c2d5ede4e99f87692502bd417367735ec576e63897813bebc132bf",
    "kube-scheduler": "52200bb1f652927caa2912dfbb28324ed862811b01c240850963f7c0ce27a0fb"
  },
  "restarted_kubelet_pid": "41582"
}
{
  "variant": "state_06",
  "state_sha256": "15e09486a063a19ca5645ce0fb58f53cf46266cc8bf0a5ff8a35a274e66e9792",
  "phase": "reset",
  "matches_expected": true,
  "output": "data/generated/public-dev-slot-003/native/runtime/state-evidence/state_06-reset.json"
}
{
  "variant": "state_06",
  "passed": true,
  "checks": {
    "same_surface_error": true,
    "native_facts_match_declared_matrix": true
  }
}
{
  "variant": "state_06",
  "state_sha256": "2bc457356294b279291c444de3b1e3748a9fa4d2c6c1009af31fdc0756cd5f9b",
  "phase": "native",
  "matches_expected": true,
  "output": "data/generated/public-dev-slot-003/native/runtime/state-evidence/state_06-pre-snapshot.json"
}
{
  "schema_version": "1.0",
  "capture_mode": "etcd_snapshot_and_quiesced_registry_sqlite",
  "cluster_name": "aftermath-kubernetes",
  "node_image": "kindest/node:v1.34.0@sha256:7416a61b42b1662ca6ca89f02028ac133a309a2a30ba309614e8ec94d976dc5a",
  "files": {
    "etcd": {
      "path": "etcd.snapshot.db",
      "bytes": 1814560,
      "sha256": "03b19911aa1ae7975cc77eb4185bed8a2c9ba517c768874962a21776b144e4b4"
    },
    "external_registry": {
      "path": "webhook-sink.sqlite3",
      "bytes": 24576,
      "sha256": "83950c053b0316ec88d3cb281e96e4d47953cfa9620a7d98b7d8d385608f6358"
    }
  }
}
{
  "capture_mode": "etcd_snapshot_and_quiesced_registry_sqlite",
  "cluster_name": "aftermath-kubernetes",
  "files": {
    "etcd": {
      "bytes": 1814560,
      "path": "etcd.snapshot.db",
      "sha256": "03b19911aa1ae7975cc77eb4185bed8a2c9ba517c768874962a21776b144e4b4"
    },
    "external_registry": {
      "bytes": 24576,
      "path": "webhook-sink.sqlite3",
      "sha256": "83950c053b0316ec88d3cb281e96e4d47953cfa9620a7d98b7d8d385608f6358"
    }
  },
  "node_image": "kindest/node:v1.34.0@sha256:7416a61b42b1662ca6ca89f02028ac133a309a2a30ba309614e8ec94d976dc5a",
  "schema_version": "1.0",
  "restore_token": "fb395d8c3b8c4b32ab566a9f49ea967e",
  "restarted_control_plane": {
    "kube-apiserver": "a758bee6ea9e1f22d161a794df9d00b22acadbac6ecee9f5bd041e6793e8d9b3",
    "kube-controller-manager": "969be8311d07ad6cf518d5b05cac2bb38fb4306b7d9a965b5cdfad0627c30d2a",
    "kube-scheduler": "5e90edf2099319a5c478f2e2de83bfc4b92a7c4d58c3ed4dc7a8e78cfb2e6de3"
  },
  "restarted_kubelet_pid": "44431"
}
{
  "variant": "state_06",
  "state_sha256": "2bc457356294b279291c444de3b1e3748a9fa4d2c6c1009af31fdc0756cd5f9b",
  "phase": "boundary",
  "matches_expected": true,
  "output": "data/generated/public-dev-slot-003/native/runtime/state-evidence/state_06-boundary.json"
}
{
  "capture_mode": "etcd_snapshot_and_quiesced_registry_sqlite",
  "cluster_name": "aftermath-kubernetes",
  "files": {
    "etcd": {
      "bytes": 1814560,
      "path": "etcd.snapshot.db",
      "sha256": "03b19911aa1ae7975cc77eb4185bed8a2c9ba517c768874962a21776b144e4b4"
    },
    "external_registry": {
      "bytes": 24576,
      "path": "webhook-sink.sqlite3",
      "sha256": "83950c053b0316ec88d3cb281e96e4d47953cfa9620a7d98b7d8d385608f6358"
    }
  },
  "node_image": "kindest/node:v1.34.0@sha256:7416a61b42b1662ca6ca89f02028ac133a309a2a30ba309614e8ec94d976dc5a",
  "schema_version": "1.0",
  "restore_token": "3e3f52a2bc9743769a12f548f9d8d026",
  "restarted_control_plane": {
    "kube-apiserver": "45337503a7f2bd69e4450490f8b1e77e7c22809a7635f17618c44c35ad42239f",
    "kube-controller-manager": "86003cc41fe431c629de655591e2c99b702a4c351fafc5e709211c6110d64842",
    "kube-scheduler": "2b2f74b76c939f8d093055a4356744832e4af8f1ccc21f699297edef8d017121"
  },
  "restarted_kubelet_pid": "46577"
}
{
  "variant": "state_06",
  "state_sha256": "2bc457356294b279291c444de3b1e3748a9fa4d2c6c1009af31fdc0756cd5f9b",
  "phase": "boundary",
  "matches_expected": true,
  "output": "data/generated/public-dev-slot-003/native/runtime/state-evidence/state_06-reference-start.json"
}
{
  "variant": "state_06",
  "direction": "resume_worker_transition",
  "passed": true,
  "mutations": 12,
  "error": null,
  "failed_checks": [],
  "failures": [],
  "observed_terminal": {
    "candidate_present": true,
    "change_record_state": "resolved",
    "release_ledger_status": "active",
    "release_ledger_schema_epoch": "8",
    "recovery_audit": {
      "status": "complete",
      "schema_epoch": "8",
      "api_version": "v5",
      "worker_version": "v5",
      "credential_generation": "12",
      "migration_job_uid": "742c61d8-cfa8-4d26-b1d0-38673c30038a",
      "transition_job_uid": "b2a7ff11-42cb-43c9-b02e-5b2ed91043a5",
      "publication_job_uid": "f7b28885-f096-43e1-8661-00a036f30a01",
      "preparation_resolution": "not-created",
      "release_resolution": "present"
    }
  }
}
{
  "capture_mode": "etcd_snapshot_and_quiesced_registry_sqlite",
  "cluster_name": "aftermath-kubernetes",
  "files": {
    "etcd": {
      "bytes": 1474592,
      "path": "etcd.snapshot.db",
      "sha256": "a22c52559ee22d62d9ddaaa3b037913f405dc9be9029c32d978d2ca82445fac8"
    },
    "external_registry": {
      "bytes": 24576,
      "path": "webhook-sink.sqlite3",
      "sha256": "83950c053b0316ec88d3cb281e96e4d47953cfa9620a7d98b7d8d385608f6358"
    }
  },
  "node_image": "kindest/node:v1.34.0@sha256:7416a61b42b1662ca6ca89f02028ac133a309a2a30ba309614e8ec94d976dc5a",
  "schema_version": "1.0",
  "restore_token": "67a8e56b39b3416ea562243569e2caff",
  "restarted_control_plane": {
    "kube-apiserver": "774ca9ef282ac16cc508c00267b0169a1451951054acfa189f186857f3558581",
    "kube-controller-manager": "5f4b58ee2706243063ab91572536dd89242c22e30b9cbbbc1e56c72d59d247ca",
    "kube-scheduler": "88f3667ef2e52df847bd2ffe53358911045b2a23b5efa04b2dc1c6c4b0b63b19"
  },
  "restarted_kubelet_pid": "49333"
}
{
  "variant": "state_07",
  "state_sha256": "15e09486a063a19ca5645ce0fb58f53cf46266cc8bf0a5ff8a35a274e66e9792",
  "phase": "reset",
  "matches_expected": true,
  "output": "data/generated/public-dev-slot-003/native/runtime/state-evidence/state_07-reset.json"
}
{
  "variant": "state_07",
  "passed": true,
  "checks": {
    "same_surface_error": true,
    "native_facts_match_declared_matrix": true
  }
}
{
  "variant": "state_07",
  "state_sha256": "64621fa5d221f8093f8772b502636b751b107c9f0ef15ecf54143126ec9ee58d",
  "phase": "native",
  "matches_expected": true,
  "output": "data/generated/public-dev-slot-003/native/runtime/state-evidence/state_07-pre-snapshot.json"
}
{
  "schema_version": "1.0",
  "capture_mode": "etcd_snapshot_and_quiesced_registry_sqlite",
  "cluster_name": "aftermath-kubernetes",
  "node_image": "kindest/node:v1.34.0@sha256:7416a61b42b1662ca6ca89f02028ac133a309a2a30ba309614e8ec94d976dc5a",
  "files": {
    "etcd": {
      "path": "etcd.snapshot.db",
      "bytes": 1830944,
      "sha256": "dec52d3bb4c8cc030a2c3f64ab64738770e5782c85fb5d17a5e438051bd266f6"
    },
    "external_registry": {
      "path": "webhook-sink.sqlite3",
      "bytes": 24576,
      "sha256": "83950c053b0316ec88d3cb281e96e4d47953cfa9620a7d98b7d8d385608f6358"
    }
  }
}
{
  "capture_mode": "etcd_snapshot_and_quiesced_registry_sqlite",
  "cluster_name": "aftermath-kubernetes",
  "files": {
    "etcd": {
      "bytes": 1830944,
      "path": "etcd.snapshot.db",
      "sha256": "dec52d3bb4c8cc030a2c3f64ab64738770e5782c85fb5d17a5e438051bd266f6"
    },
    "external_registry": {
      "bytes": 24576,
      "path": "webhook-sink.sqlite3",
      "sha256": "83950c053b0316ec88d3cb281e96e4d47953cfa9620a7d98b7d8d385608f6358"
    }
  },
  "node_image": "kindest/node:v1.34.0@sha256:7416a61b42b1662ca6ca89f02028ac133a309a2a30ba309614e8ec94d976dc5a",
  "schema_version": "1.0",
  "restore_token": "8979461e312243299b172cae28362f91",
  "restarted_control_plane": {
    "kube-apiserver": "62e39f5b49b73befe1f78167f94b6448569e32acc7f5e85f6ae2654ced1d14d5",
    "kube-controller-manager": "a69db0d8e6f31c489397c97ce11bb89d293f5b9111e7fe41f5563a200c75e86e",
    "kube-scheduler": "1e32374e8f5de1ec8b3398b62e087ab8d8559f07b065aecee97037245a6d206a"
  },
  "restarted_kubelet_pid": "52775"
}
{
  "variant": "state_07",
  "state_sha256": "64621fa5d221f8093f8772b502636b751b107c9f0ef15ecf54143126ec9ee58d",
  "phase": "boundary",
  "matches_expected": true,
  "output": "data/generated/public-dev-slot-003/native/runtime/state-evidence/state_07-boundary.json"
}
{
  "capture_mode": "etcd_snapshot_and_quiesced_registry_sqlite",
  "cluster_name": "aftermath-kubernetes",
  "files": {
    "etcd": {
      "bytes": 1830944,
      "path": "etcd.snapshot.db",
      "sha256": "dec52d3bb4c8cc030a2c3f64ab64738770e5782c85fb5d17a5e438051bd266f6"
    },
    "external_registry": {
      "bytes": 24576,
      "path": "webhook-sink.sqlite3",
      "sha256": "83950c053b0316ec88d3cb281e96e4d47953cfa9620a7d98b7d8d385608f6358"
    }
  },
  "node_image": "kindest/node:v1.34.0@sha256:7416a61b42b1662ca6ca89f02028ac133a309a2a30ba309614e8ec94d976dc5a",
  "schema_version": "1.0",
  "restore_token": "2c0804e1d9ef41a1bfc69de1e61b96f1",
  "restarted_control_plane": {
    "kube-apiserver": "00c27aacf798332e3b4759b8de1756426824139e06d68d284ff50664057e109b",
    "kube-controller-manager": "b1f90852a36fb6e37feee0f6fefcbe3607b588ccf93e110434fba08f7b439752",
    "kube-scheduler": "06e4d80c7bc9b290bd09a2f29204e070c6412ecf113ccd7756f23055d467e7be"
  },
  "restarted_kubelet_pid": "54851"
}
{
  "variant": "state_07",
  "state_sha256": "64621fa5d221f8093f8772b502636b751b107c9f0ef15ecf54143126ec9ee58d",
  "phase": "boundary",
  "matches_expected": true,
  "output": "data/generated/public-dev-slot-003/native/runtime/state-evidence/state_07-reference-start.json"
}
{
  "variant": "state_07",
  "direction": "create_publication_owner",
  "passed": true,
  "mutations": 8,
  "error": null,
  "failed_checks": [],
  "failures": [],
  "observed_terminal": {
    "candidate_present": true,
    "change_record_state": "resolved",
    "release_ledger_status": "active",
    "release_ledger_schema_epoch": "8",
    "recovery_audit": {
      "status": "complete",
      "schema_epoch": "8",
      "api_version": "v5",
      "worker_version": "v5",
      "credential_generation": "12",
      "migration_job_uid": "9d51e9e7-2936-4340-9bfe-bf13439e1d12",
      "transition_job_uid": "none",
      "publication_job_uid": "ac982f38-bc1d-4de5-bfd9-ea5d7905c8c7",
      "preparation_resolution": "not-created",
      "release_resolution": "present"
    }
  }
}
{
  "capture_mode": "etcd_snapshot_and_quiesced_registry_sqlite",
  "cluster_name": "aftermath-kubernetes",
  "files": {
    "etcd": {
      "bytes": 1474592,
      "path": "etcd.snapshot.db",
      "sha256": "a22c52559ee22d62d9ddaaa3b037913f405dc9be9029c32d978d2ca82445fac8"
    },
    "external_registry": {
      "bytes": 24576,
      "path": "webhook-sink.sqlite3",
      "sha256": "83950c053b0316ec88d3cb281e96e4d47953cfa9620a7d98b7d8d385608f6358"
    }
  },
  "node_image": "kindest/node:v1.34.0@sha256:7416a61b42b1662ca6ca89f02028ac133a309a2a30ba309614e8ec94d976dc5a",
  "schema_version": "1.0",
  "restore_token": "6e73203613ae4ff884d2360002fa1b85",
  "restarted_control_plane": {
    "kube-apiserver": "d9792e98c1c0cc54b06dfbae75ca61ce2d24913b52efa3b6817fc87264a37ee3",
    "kube-controller-manager": "bf9712d6a591bcdccc87146d5c98d620cc9b1bfc9ec56eff174fe6f0db36efb6",
    "kube-scheduler": "3fd16fc8dc7e6173cc749855e2eb898c2d473ca276d184c4d11c299388b7e947"
  },
  "restarted_kubelet_pid": "57123"
}
{
  "variant": "state_08",
  "state_sha256": "15e09486a063a19ca5645ce0fb58f53cf46266cc8bf0a5ff8a35a274e66e9792",
  "phase": "reset",
  "matches_expected": true,
  "output": "data/generated/public-dev-slot-003/native/runtime/state-evidence/state_08-reset.json"
}
{
  "variant": "state_08",
  "passed": true,
  "checks": {
    "same_surface_error": true,
    "native_facts_match_declared_matrix": true
  }
}
{
  "variant": "state_08",
  "state_sha256": "f52c493363e200a519bdc8d7f96b7da0729980cccf63af6100954cb6f543a1bb",
  "phase": "native",
  "matches_expected": true,
  "output": "data/generated/public-dev-slot-003/native/runtime/state-evidence/state_08-pre-snapshot.json"
}
{
  "schema_version": "1.0",
  "capture_mode": "etcd_snapshot_and_quiesced_registry_sqlite",
  "cluster_name": "aftermath-kubernetes",
  "node_image": "kindest/node:v1.34.0@sha256:7416a61b42b1662ca6ca89f02028ac133a309a2a30ba309614e8ec94d976dc5a",
  "files": {
    "etcd": {
      "path": "etcd.snapshot.db",
      "bytes": 1839136,
      "sha256": "c9f1bb1204612bb5c9891333937665b53dbdaa6f44fdba502134540aa506e558"
    },
    "external_registry": {
      "path": "webhook-sink.sqlite3",
      "bytes": 24576,
      "sha256": "83950c053b0316ec88d3cb281e96e4d47953cfa9620a7d98b7d8d385608f6358"
    }
  }
}
{
  "capture_mode": "etcd_snapshot_and_quiesced_registry_sqlite",
  "cluster_name": "aftermath-kubernetes",
  "files": {
    "etcd": {
      "bytes": 1839136,
      "path": "etcd.snapshot.db",
      "sha256": "c9f1bb1204612bb5c9891333937665b53dbdaa6f44fdba502134540aa506e558"
    },
    "external_registry": {
      "bytes": 24576,
      "path": "webhook-sink.sqlite3",
      "sha256": "83950c053b0316ec88d3cb281e96e4d47953cfa9620a7d98b7d8d385608f6358"
    }
  },
  "node_image": "kindest/node:v1.34.0@sha256:7416a61b42b1662ca6ca89f02028ac133a309a2a30ba309614e8ec94d976dc5a",
  "schema_version": "1.0",
  "restore_token": "552ee4d293444b6190450918f2e5b1df",
  "restarted_control_plane": {
    "kube-apiserver": "73a080518cd31f48bd66d6a7679acf442c5be00d1b11aeb00e2d24761eae31da",
    "kube-controller-manager": "83d7ef31ae76d33861fa4c82fc7517987e637ff1ca622ac2be549d83a256dd9d",
    "kube-scheduler": "de250bd90a5847d051805a0354cbe7bda9935db2f88d5e408d0362f0e0b3d6f5"
  },
  "restarted_kubelet_pid": "60569"
}
{
  "variant": "state_08",
  "state_sha256": "f52c493363e200a519bdc8d7f96b7da0729980cccf63af6100954cb6f543a1bb",
  "phase": "boundary",
  "matches_expected": true,
  "output": "data/generated/public-dev-slot-003/native/runtime/state-evidence/state_08-boundary.json"
}
{
  "capture_mode": "etcd_snapshot_and_quiesced_registry_sqlite",
  "cluster_name": "aftermath-kubernetes",
  "files": {
    "etcd": {
      "bytes": 1839136,
      "path": "etcd.snapshot.db",
      "sha256": "c9f1bb1204612bb5c9891333937665b53dbdaa6f44fdba502134540aa506e558"
    },
    "external_registry": {
      "bytes": 24576,
      "path": "webhook-sink.sqlite3",
      "sha256": "83950c053b0316ec88d3cb281e96e4d47953cfa9620a7d98b7d8d385608f6358"
    }
  },
  "node_image": "kindest/node:v1.34.0@sha256:7416a61b42b1662ca6ca89f02028ac133a309a2a30ba309614e8ec94d976dc5a",
  "schema_version": "1.0",
  "restore_token": "9d45c9cbd0e74ed68aba02c134616ee4",
  "restarted_control_plane": {
    "kube-apiserver": "fee2321642f0ed56500c9151443d57c3bf8f0d8d9d8abd359d1218df26ef015c",
    "kube-controller-manager": "c9c96527123fa9b788038cdda5d696d1a2570f315abb4252c7dea95765269bc3",
    "kube-scheduler": "15b060e4d78c6a40d2a0287cb3f0aa65b434d1ba1cec77bd76a78c776207fbae"
  },
  "restarted_kubelet_pid": "62628"
}
{
  "variant": "state_08",
  "state_sha256": "f52c493363e200a519bdc8d7f96b7da0729980cccf63af6100954cb6f543a1bb",
  "phase": "boundary",
  "matches_expected": true,
  "output": "data/generated/public-dev-slot-003/native/runtime/state-evidence/state_08-reference-start.json"
}
{
  "variant": "state_08",
  "direction": "resume_publication_owner",
  "passed": true,
  "mutations": 8,
  "error": null,
  "failed_checks": [],
  "failures": [],
  "observed_terminal": {
    "candidate_present": true,
    "change_record_state": "resolved",
    "release_ledger_status": "active",
    "release_ledger_schema_epoch": "8",
    "recovery_audit": {
      "status": "complete",
      "schema_epoch": "8",
      "api_version": "v5",
      "worker_version": "v5",
      "credential_generation": "12",
      "migration_job_uid": "35dd1666-cf5b-4481-bd7e-ab34ad4126ff",
      "transition_job_uid": "none",
      "publication_job_uid": "d28d1623-3e60-458e-a2d9-72d3fab87b3a",
      "preparation_resolution": "not-created",
      "release_resolution": "present"
    }
  }
}
{
  "capture_mode": "etcd_snapshot_and_quiesced_registry_sqlite",
  "cluster_name": "aftermath-kubernetes",
  "files": {
    "etcd": {
      "bytes": 1474592,
      "path": "etcd.snapshot.db",
      "sha256": "a22c52559ee22d62d9ddaaa3b037913f405dc9be9029c32d978d2ca82445fac8"
    },
    "external_registry": {
      "bytes": 24576,
      "path": "webhook-sink.sqlite3",
      "sha256": "83950c053b0316ec88d3cb281e96e4d47953cfa9620a7d98b7d8d385608f6358"
    }
  },
  "node_image": "kindest/node:v1.34.0@sha256:7416a61b42b1662ca6ca89f02028ac133a309a2a30ba309614e8ec94d976dc5a",
  "schema_version": "1.0",
  "restore_token": "37ce344ee3824bc39d4da998ede06185",
  "restarted_control_plane": {
    "kube-apiserver": "4160f479c3d7beebe1b0a4612269674efd4b3c839cd383948efcb571cfade36c",
    "kube-controller-manager": "6d81a9620934889477a36beebd2921ec53796f351f726865aa665c3acb5468ad",
    "kube-scheduler": "c5618947f4a5c903e56c611a2bbf0fd146d7d54aafbd6955b4e15689b2a49fdc"
  },
  "restarted_kubelet_pid": "64891"
}
{
  "variant": "state_09",
  "state_sha256": "15e09486a063a19ca5645ce0fb58f53cf46266cc8bf0a5ff8a35a274e66e9792",
  "phase": "reset",
  "matches_expected": true,
  "output": "data/generated/public-dev-slot-003/native/runtime/state-evidence/state_09-reset.json"
}
{
  "variant": "state_09",
  "passed": true,
  "checks": {
    "same_surface_error": true,
    "native_facts_match_declared_matrix": true
  }
}
{
  "variant": "state_09",
  "state_sha256": "6b5ff07f7e00ab39a7657f08e86656c1dac6d17ef551b5e13d4013d7211c7a98",
  "phase": "native",
  "matches_expected": true,
  "output": "data/generated/public-dev-slot-003/native/runtime/state-evidence/state_09-pre-snapshot.json"
}
{
  "schema_version": "1.0",
  "capture_mode": "etcd_snapshot_and_quiesced_registry_sqlite",
  "cluster_name": "aftermath-kubernetes",
  "node_image": "kindest/node:v1.34.0@sha256:7416a61b42b1662ca6ca89f02028ac133a309a2a30ba309614e8ec94d976dc5a",
  "files": {
    "etcd": {
      "path": "etcd.snapshot.db",
      "bytes": 1826848,
      "sha256": "e8a692d61fec79c654824c69700e03265bb7fbac6440040773f3ce287279570a"
    },
    "external_registry": {
      "path": "webhook-sink.sqlite3",
      "bytes": 24576,
      "sha256": "83950c053b0316ec88d3cb281e96e4d47953cfa9620a7d98b7d8d385608f6358"
    }
  }
}
{
  "capture_mode": "etcd_snapshot_and_quiesced_registry_sqlite",
  "cluster_name": "aftermath-kubernetes",
  "files": {
    "etcd": {
      "bytes": 1826848,
      "path": "etcd.snapshot.db",
      "sha256": "e8a692d61fec79c654824c69700e03265bb7fbac6440040773f3ce287279570a"
    },
    "external_registry": {
      "bytes": 24576,
      "path": "webhook-sink.sqlite3",
      "sha256": "83950c053b0316ec88d3cb281e96e4d47953cfa9620a7d98b7d8d385608f6358"
    }
  },
  "node_image": "kindest/node:v1.34.0@sha256:7416a61b42b1662ca6ca89f02028ac133a309a2a30ba309614e8ec94d976dc5a",
  "schema_version": "1.0",
  "restore_token": "b8bc20bfb1694d93a78d24a689926759",
  "restarted_control_plane": {
    "kube-apiserver": "f68dc7efa3ccd7d4fa188d441751001efeb2d1cbe18839db7033513ca7faf81c",
    "kube-controller-manager": "5fb722822cc62125aae2076c0d7a2b7196438a861aa25553fd270526d2234a9e",
    "kube-scheduler": "5fb5d63356f6acb118d4daa40df8b321b6044410e470128963386c01e8e8b2cc"
  },
  "restarted_kubelet_pid": "68557"
}
{
  "variant": "state_09",
  "state_sha256": "6b5ff07f7e00ab39a7657f08e86656c1dac6d17ef551b5e13d4013d7211c7a98",
  "phase": "boundary",
  "matches_expected": true,
  "output": "data/generated/public-dev-slot-003/native/runtime/state-evidence/state_09-boundary.json"
}
{
  "capture_mode": "etcd_snapshot_and_quiesced_registry_sqlite",
  "cluster_name": "aftermath-kubernetes",
  "files": {
    "etcd": {
      "bytes": 1826848,
      "path": "etcd.snapshot.db",
      "sha256": "e8a692d61fec79c654824c69700e03265bb7fbac6440040773f3ce287279570a"
    },
    "external_registry": {
      "bytes": 24576,
      "path": "webhook-sink.sqlite3",
      "sha256": "83950c053b0316ec88d3cb281e96e4d47953cfa9620a7d98b7d8d385608f6358"
    }
  },
  "node_image": "kindest/node:v1.34.0@sha256:7416a61b42b1662ca6ca89f02028ac133a309a2a30ba309614e8ec94d976dc5a",
  "schema_version": "1.0",
  "restore_token": "170e2811964945128e55e489307dc529",
  "restarted_control_plane": {
    "kube-apiserver": "6fe9970685af89656f3dc0a6f1770feec27d8264ac0b0c13ab47f109cafe79d9",
    "kube-controller-manager": "c7e9e4430ed737dfd87d8bec9d04d33e079560ab4191f3524c6537753706b181",
    "kube-scheduler": "f117793336e6410da1e5a33e391baa4f147f456a82d09e0118693cbac096fb8f"
  },
  "restarted_kubelet_pid": "70622"
}
{
  "variant": "state_09",
  "state_sha256": "6b5ff07f7e00ab39a7657f08e86656c1dac6d17ef551b5e13d4013d7211c7a98",
  "phase": "boundary",
  "matches_expected": true,
  "output": "data/generated/public-dev-slot-003/native/runtime/state-evidence/state_09-reference-start.json"
}
{
  "variant": "state_09",
  "direction": "reconcile_completed_publication",
  "passed": true,
  "mutations": 7,
  "error": null,
  "failed_checks": [],
  "failures": [],
  "observed_terminal": {
    "candidate_present": true,
    "change_record_state": "resolved",
    "release_ledger_status": "active",
    "release_ledger_schema_epoch": "8",
    "recovery_audit": {
      "status": "complete",
      "schema_epoch": "8",
      "api_version": "v5",
      "worker_version": "v5",
      "credential_generation": "12",
      "migration_job_uid": "c8bb9e86-97e5-4915-b793-e68a03a5542f",
      "transition_job_uid": "none",
      "publication_job_uid": "68364c63-0ff0-44ab-8113-1bc11117c2ec",
      "preparation_resolution": "not-created",
      "release_resolution": "present"
    }
  }
}
{
  "capture_mode": "etcd_snapshot_and_quiesced_registry_sqlite",
  "cluster_name": "aftermath-kubernetes",
  "files": {
    "etcd": {
      "bytes": 1474592,
      "path": "etcd.snapshot.db",
      "sha256": "a22c52559ee22d62d9ddaaa3b037913f405dc9be9029c32d978d2ca82445fac8"
    },
    "external_registry": {
      "bytes": 24576,
      "path": "webhook-sink.sqlite3",
      "sha256": "83950c053b0316ec88d3cb281e96e4d47953cfa9620a7d98b7d8d385608f6358"
    }
  },
  "node_image": "kindest/node:v1.34.0@sha256:7416a61b42b1662ca6ca89f02028ac133a309a2a30ba309614e8ec94d976dc5a",
  "schema_version": "1.0",
  "restore_token": "b7f8b6697c0a4ab28eafe4d2af1ab3d6",
  "restarted_control_plane": {
    "kube-apiserver": "31ec4ae261e57666f2874b71d81df87cc7fc37168522c389ef025a77b018c51a",
    "kube-controller-manager": "63700ccb5e40171741bec9bed8cd7dea79c7e6f6c416b7d09629d888881bdfa2",
    "kube-scheduler": "5d044f93e05cfc38d43590dd38bb0f5ac565f86064c2a0ca157f2b91d2cec1a3"
  },
  "restarted_kubelet_pid": "72715"
}
{
  "variant": "state_10",
  "state_sha256": "15e09486a063a19ca5645ce0fb58f53cf46266cc8bf0a5ff8a35a274e66e9792",
  "phase": "reset",
  "matches_expected": true,
  "output": "data/generated/public-dev-slot-003/native/runtime/state-evidence/state_10-reset.json"
}
{
  "variant": "state_10",
  "passed": true,
  "checks": {
    "same_surface_error": true,
    "native_facts_match_declared_matrix": true
  }
}
{
  "variant": "state_10",
  "state_sha256": "f59e6923a792cb1519705833290cf5934fdee41353d3a0d774663d6844d73025",
  "phase": "native",
  "matches_expected": true,
  "output": "data/generated/public-dev-slot-003/native/runtime/state-evidence/state_10-pre-snapshot.json"
}
{
  "schema_version": "1.0",
  "capture_mode": "etcd_snapshot_and_quiesced_registry_sqlite",
  "cluster_name": "aftermath-kubernetes",
  "node_image": "kindest/node:v1.34.0@sha256:7416a61b42b1662ca6ca89f02028ac133a309a2a30ba309614e8ec94d976dc5a",
  "files": {
    "etcd": {
      "path": "etcd.snapshot.db",
      "bytes": 1839136,
      "sha256": "efb7d71475d4d5c5baa155e55155b688afa4a71f2d44c57273b76485f58709e7"
    },
    "external_registry": {
      "path": "webhook-sink.sqlite3",
      "bytes": 24576,
      "sha256": "64f432e64a690dd86af57292414ee0c4a50d0ffbab4830337bb8c4e25d1d0ef0"
    }
  }
}
{
  "capture_mode": "etcd_snapshot_and_quiesced_registry_sqlite",
  "cluster_name": "aftermath-kubernetes",
  "files": {
    "etcd": {
      "bytes": 1839136,
      "path": "etcd.snapshot.db",
      "sha256": "efb7d71475d4d5c5baa155e55155b688afa4a71f2d44c57273b76485f58709e7"
    },
    "external_registry": {
      "bytes": 24576,
      "path": "webhook-sink.sqlite3",
      "sha256": "64f432e64a690dd86af57292414ee0c4a50d0ffbab4830337bb8c4e25d1d0ef0"
    }
  },
  "node_image": "kindest/node:v1.34.0@sha256:7416a61b42b1662ca6ca89f02028ac133a309a2a30ba309614e8ec94d976dc5a",
  "schema_version": "1.0",
  "restore_token": "6807dc614a584873bda794288bf411a2",
  "restarted_control_plane": {
    "kube-apiserver": "03dc99b5d917288dcacd82cb191882608b2f3799464660e87acf32f8a86bf9c6",
    "kube-controller-manager": "d9fd37c5f7fa8d6a9dd4ad0825e60843928c4e9832422e275b7d2f5520f0896d",
    "kube-scheduler": "04e5527aea60238270629877faa8c7ee1c9578c413ad0015986791f49625f247"
  },
  "restarted_kubelet_pid": "76313"
}
{
  "variant": "state_10",
  "state_sha256": "f59e6923a792cb1519705833290cf5934fdee41353d3a0d774663d6844d73025",
  "phase": "boundary",
  "matches_expected": true,
  "output": "data/generated/public-dev-slot-003/native/runtime/state-evidence/state_10-boundary.json"
}
{
  "capture_mode": "etcd_snapshot_and_quiesced_registry_sqlite",
  "cluster_name": "aftermath-kubernetes",
  "files": {
    "etcd": {
      "bytes": 1839136,
      "path": "etcd.snapshot.db",
      "sha256": "efb7d71475d4d5c5baa155e55155b688afa4a71f2d44c57273b76485f58709e7"
    },
    "external_registry": {
      "bytes": 24576,
      "path": "webhook-sink.sqlite3",
      "sha256": "64f432e64a690dd86af57292414ee0c4a50d0ffbab4830337bb8c4e25d1d0ef0"
    }
  },
  "node_image": "kindest/node:v1.34.0@sha256:7416a61b42b1662ca6ca89f02028ac133a309a2a30ba309614e8ec94d976dc5a",
  "schema_version": "1.0",
  "restore_token": "5a8d1000add748809846827b7e6e4c78",
  "restarted_control_plane": {
    "kube-apiserver": "60d2e6bd8380de188d6f7a84d91b2afb0a3b279ab1c386c7ba0c7a708899b411",
    "kube-controller-manager": "85c63163f00897e0f8a9474b537eb06b274d9b38989ee7233d8f890d5fe3aec4",
    "kube-scheduler": "3c86735993166ad9f35e01dbed1a0fd0ecb6a32aff9f6b95b2213e9b4ec9f9fe"
  },
  "restarted_kubelet_pid": "78487"
}
{
  "variant": "state_10",
  "state_sha256": "f59e6923a792cb1519705833290cf5934fdee41353d3a0d774663d6844d73025",
  "phase": "boundary",
  "matches_expected": true,
  "output": "data/generated/public-dev-slot-003/native/runtime/state-evidence/state_10-reference-start.json"
}
{
  "variant": "state_10",
  "direction": "close_accepted_publication",
  "passed": true,
  "mutations": 6,
  "error": null,
  "failed_checks": [],
  "failures": [],
  "observed_terminal": {
    "candidate_present": true,
    "change_record_state": "resolved",
    "release_ledger_status": "active",
    "release_ledger_schema_epoch": "8",
    "recovery_audit": {
      "status": "complete",
      "schema_epoch": "8",
      "api_version": "v5",
      "worker_version": "v5",
      "credential_generation": "12",
      "migration_job_uid": "168d5488-dfed-4e9b-8c46-768416eaf958",
      "transition_job_uid": "none",
      "publication_job_uid": "9a942230-9a05-4690-9ce0-f1970d19496a",
      "preparation_resolution": "not-created",
      "release_resolution": "present"
    }
  }
}
{
  "capture_mode": "etcd_snapshot_and_quiesced_registry_sqlite",
  "cluster_name": "aftermath-kubernetes",
  "files": {
    "etcd": {
      "bytes": 1474592,
      "path": "etcd.snapshot.db",
      "sha256": "a22c52559ee22d62d9ddaaa3b037913f405dc9be9029c32d978d2ca82445fac8"
    },
    "external_registry": {
      "bytes": 24576,
      "path": "webhook-sink.sqlite3",
      "sha256": "83950c053b0316ec88d3cb281e96e4d47953cfa9620a7d98b7d8d385608f6358"
    }
  },
  "node_image": "kindest/node:v1.34.0@sha256:7416a61b42b1662ca6ca89f02028ac133a309a2a30ba309614e8ec94d976dc5a",
  "schema_version": "1.0",
  "restore_token": "97bb7f96c9e042b0853b14aeb6d5b90e",
  "restarted_control_plane": {
    "kube-apiserver": "ba9202613886ef1c9e7b4cf5a99f06da9f059e5ae8373bf02b8f1891d3024c04",
    "kube-controller-manager": "d29a6ef7327e716a48fa3ae3c5b785ef7792f1e71fc1e62e66ab84bf7f064aba",
    "kube-scheduler": "4535ef59b8a54e1a588c0c7b7deffee40fe642e40b7dbc95a7545c684e91a806"
  },
  "restarted_kubelet_pid": "80534"
}
{
  "variant": "state_11",
  "state_sha256": "15e09486a063a19ca5645ce0fb58f53cf46266cc8bf0a5ff8a35a274e66e9792",
  "phase": "reset",
  "matches_expected": true,
  "output": "data/generated/public-dev-slot-003/native/runtime/state-evidence/state_11-reset.json"
}
{
  "variant": "state_11",
  "passed": true,
  "checks": {
    "same_surface_error": true,
    "native_facts_match_declared_matrix": true
  }
}
{
  "variant": "state_11",
  "state_sha256": "b9f022317272f0e065269d3d76d73705c587e5660c6e6edccd9d9767fb8c8074",
  "phase": "native",
  "matches_expected": true,
  "output": "data/generated/public-dev-slot-003/native/runtime/state-evidence/state_11-pre-snapshot.json"
}
{
  "schema_version": "1.0",
  "capture_mode": "etcd_snapshot_and_quiesced_registry_sqlite",
  "cluster_name": "aftermath-kubernetes",
  "node_image": "kindest/node:v1.34.0@sha256:7416a61b42b1662ca6ca89f02028ac133a309a2a30ba309614e8ec94d976dc5a",
  "files": {
    "etcd": {
      "path": "etcd.snapshot.db",
      "bytes": 1830944,
      "sha256": "5f446ae749dae3560a9760efcac7a4362467eec12f6c477adf4e91839ff59750"
    },
    "external_registry": {
      "path": "webhook-sink.sqlite3",
      "bytes": 24576,
      "sha256": "83950c053b0316ec88d3cb281e96e4d47953cfa9620a7d98b7d8d385608f6358"
    }
  }
}
{
  "capture_mode": "etcd_snapshot_and_quiesced_registry_sqlite",
  "cluster_name": "aftermath-kubernetes",
  "files": {
    "etcd": {
      "bytes": 1830944,
      "path": "etcd.snapshot.db",
      "sha256": "5f446ae749dae3560a9760efcac7a4362467eec12f6c477adf4e91839ff59750"
    },
    "external_registry": {
      "bytes": 24576,
      "path": "webhook-sink.sqlite3",
      "sha256": "83950c053b0316ec88d3cb281e96e4d47953cfa9620a7d98b7d8d385608f6358"
    }
  },
  "node_image": "kindest/node:v1.34.0@sha256:7416a61b42b1662ca6ca89f02028ac133a309a2a30ba309614e8ec94d976dc5a",
  "schema_version": "1.0",
  "restore_token": "6808047801694279803fdd33a3f891f2",
  "restarted_control_plane": {
    "kube-apiserver": "860dc06405ff1884d00ef2c7729fc553b263c620803935f332f8656932108f68",
    "kube-controller-manager": "5b29e91d689c0e58fc0eaeb59d4971e15cb857c11861f5e6f2a7a73123f62ecf",
    "kube-scheduler": "be067d3ea5099ebc421b2872e97dc11382bb21817b3bbad4d1dc40ff29787fe5"
  },
  "restarted_kubelet_pid": "83710"
}
{
  "variant": "state_11",
  "state_sha256": "b9f022317272f0e065269d3d76d73705c587e5660c6e6edccd9d9767fb8c8074",
  "phase": "boundary",
  "matches_expected": true,
  "output": "data/generated/public-dev-slot-003/native/runtime/state-evidence/state_11-boundary.json"
}
{
  "capture_mode": "etcd_snapshot_and_quiesced_registry_sqlite",
  "cluster_name": "aftermath-kubernetes",
  "files": {
    "etcd": {
      "bytes": 1830944,
      "path": "etcd.snapshot.db",
      "sha256": "5f446ae749dae3560a9760efcac7a4362467eec12f6c477adf4e91839ff59750"
    },
    "external_registry": {
      "bytes": 24576,
      "path": "webhook-sink.sqlite3",
      "sha256": "83950c053b0316ec88d3cb281e96e4d47953cfa9620a7d98b7d8d385608f6358"
    }
  },
  "node_image": "kindest/node:v1.34.0@sha256:7416a61b42b1662ca6ca89f02028ac133a309a2a30ba309614e8ec94d976dc5a",
  "schema_version": "1.0",
  "restore_token": "510ad1ac15a4434fa4566be5f3b50d7f",
  "restarted_control_plane": {
    "kube-apiserver": "571db0de901443cadd84ed328529f772f3f2e2d22a84c8834d936f6b9fa0706b",
    "kube-controller-manager": "f0452699d748c0ebaf82c7d8c54d45f55aa24a4f1714bcc63c6eac4d78b8427a",
    "kube-scheduler": "480c2c89bd8b0d32b82ac2fc287d71676be45b5a0bdad70d3a98df7ddf718621"
  },
  "restarted_kubelet_pid": "85821"
}
{
  "variant": "state_11",
  "state_sha256": "b9f022317272f0e065269d3d76d73705c587e5660c6e6edccd9d9767fb8c8074",
  "phase": "boundary",
  "matches_expected": true,
  "output": "data/generated/public-dev-slot-003/native/runtime/state-evidence/state_11-reference-start.json"
}
{
  "variant": "state_11",
  "direction": "repair_api_consumer_before_publication",
  "passed": true,
  "mutations": 11,
  "error": null,
  "failed_checks": [],
  "failures": [],
  "observed_terminal": {
    "candidate_present": true,
    "change_record_state": "resolved",
    "release_ledger_status": "active",
    "release_ledger_schema_epoch": "8",
    "recovery_audit": {
      "status": "complete",
      "schema_epoch": "8",
      "api_version": "v5",
      "worker_version": "v5",
      "credential_generation": "12",
      "migration_job_uid": "484f62bc-9868-4757-bb45-00d0d5956f64",
      "transition_job_uid": "none",
      "publication_job_uid": "05b851c2-7e99-4ac2-88cc-24d416429bab",
      "preparation_resolution": "not-created",
      "release_resolution": "present"
    }
  }
}
{
  "capture_mode": "etcd_snapshot_and_quiesced_registry_sqlite",
  "cluster_name": "aftermath-kubernetes",
  "files": {
    "etcd": {
      "bytes": 1474592,
      "path": "etcd.snapshot.db",
      "sha256": "a22c52559ee22d62d9ddaaa3b037913f405dc9be9029c32d978d2ca82445fac8"
    },
    "external_registry": {
      "bytes": 24576,
      "path": "webhook-sink.sqlite3",
      "sha256": "83950c053b0316ec88d3cb281e96e4d47953cfa9620a7d98b7d8d385608f6358"
    }
  },
  "node_image": "kindest/node:v1.34.0@sha256:7416a61b42b1662ca6ca89f02028ac133a309a2a30ba309614e8ec94d976dc5a",
  "schema_version": "1.0",
  "restore_token": "4d782ca228ef4281b47de07fa21dc6bd",
  "restarted_control_plane": {
    "kube-apiserver": "ebfc96236db83c0d58e889144923ecb57a5c3e8b0d861903c93c8016f6fc9a0a",
    "kube-controller-manager": "6c189159b8c2d765dc520defab0015d012f4b0458ca85dc340070c6da4faeb6b",
    "kube-scheduler": "1ecb9b8d88355d4de0f9cfddf72a80692401ece184ff15c44743f1801bda6927"
  },
  "restarted_kubelet_pid": "88335"
}
{
  "variant": "state_12",
  "state_sha256": "15e09486a063a19ca5645ce0fb58f53cf46266cc8bf0a5ff8a35a274e66e9792",
  "phase": "reset",
  "matches_expected": true,
  "output": "data/generated/public-dev-slot-003/native/runtime/state-evidence/state_12-reset.json"
}
{
  "variant": "state_12",
  "passed": true,
  "checks": {
    "same_surface_error": true,
    "native_facts_match_declared_matrix": true
  }
}
{
  "variant": "state_12",
  "state_sha256": "aca4743209c86fceabd15e17eae962c4cd6d2c8926b9ae75ffb8d483292854f5",
  "phase": "native",
  "matches_expected": true,
  "output": "data/generated/public-dev-slot-003/native/runtime/state-evidence/state_12-pre-snapshot.json"
}
{
  "schema_version": "1.0",
  "capture_mode": "etcd_snapshot_and_quiesced_registry_sqlite",
  "cluster_name": "aftermath-kubernetes",
  "node_image": "kindest/node:v1.34.0@sha256:7416a61b42b1662ca6ca89f02028ac133a309a2a30ba309614e8ec94d976dc5a",
  "files": {
    "etcd": {
      "path": "etcd.snapshot.db",
      "bytes": 1843232,
      "sha256": "eb688ac5d0d556f6e63c4a714ce78ab577ad82ca55828da1e5ed9ebb36400cc0"
    },
    "external_registry": {
      "path": "webhook-sink.sqlite3",
      "bytes": 24576,
      "sha256": "83950c053b0316ec88d3cb281e96e4d47953cfa9620a7d98b7d8d385608f6358"
    }
  }
}
{
  "capture_mode": "etcd_snapshot_and_quiesced_registry_sqlite",
  "cluster_name": "aftermath-kubernetes",
  "files": {
    "etcd": {
      "bytes": 1843232,
      "path": "etcd.snapshot.db",
      "sha256": "eb688ac5d0d556f6e63c4a714ce78ab577ad82ca55828da1e5ed9ebb36400cc0"
    },
    "external_registry": {
      "bytes": 24576,
      "path": "webhook-sink.sqlite3",
      "sha256": "83950c053b0316ec88d3cb281e96e4d47953cfa9620a7d98b7d8d385608f6358"
    }
  },
  "node_image": "kindest/node:v1.34.0@sha256:7416a61b42b1662ca6ca89f02028ac133a309a2a30ba309614e8ec94d976dc5a",
  "schema_version": "1.0",
  "restore_token": "c6fb1f616a90424e9ab2bc78fa7931d1",
  "restarted_control_plane": {
    "kube-apiserver": "ecf0c73bca8a176bcd49dfc547b3a431da90e15db3af2df64ad513786431aa41",
    "kube-controller-manager": "d14df0072c2aeba56c64cdc44fa9008885bc2bd4db6b27c601c6e233011e8ec0",
    "kube-scheduler": "f75952026e0305e3637d001053d8488a95a47f263091b7285bd945b5feb07b9d"
  },
  "restarted_kubelet_pid": "91542"
}
{
  "variant": "state_12",
  "state_sha256": "aca4743209c86fceabd15e17eae962c4cd6d2c8926b9ae75ffb8d483292854f5",
  "phase": "boundary",
  "matches_expected": true,
  "output": "data/generated/public-dev-slot-003/native/runtime/state-evidence/state_12-boundary.json"
}
{
  "capture_mode": "etcd_snapshot_and_quiesced_registry_sqlite",
  "cluster_name": "aftermath-kubernetes",
  "files": {
    "etcd": {
      "bytes": 1843232,
      "path": "etcd.snapshot.db",
      "sha256": "eb688ac5d0d556f6e63c4a714ce78ab577ad82ca55828da1e5ed9ebb36400cc0"
    },
    "external_registry": {
      "bytes": 24576,
      "path": "webhook-sink.sqlite3",
      "sha256": "83950c053b0316ec88d3cb281e96e4d47953cfa9620a7d98b7d8d385608f6358"
    }
  },
  "node_image": "kindest/node:v1.34.0@sha256:7416a61b42b1662ca6ca89f02028ac133a309a2a30ba309614e8ec94d976dc5a",
  "schema_version": "1.0",
  "restore_token": "d462e72a6ce84319acfaaf7db32278e4",
  "restarted_control_plane": {
    "kube-apiserver": "0a39f206788eb9e442565104c15988f4ea71e1aacaaaa161373a977fe88f76c3",
    "kube-controller-manager": "eed2c7b49ae3aaf2f45b785cbca2235965758d85f64fd009e82045bd030ab971",
    "kube-scheduler": "0fe8b7442528db0bce1c44be8b9a0f07777d1443aa1f23049bf40415f3102f3f"
  },
  "restarted_kubelet_pid": "93581"
}
{
  "variant": "state_12",
  "state_sha256": "aca4743209c86fceabd15e17eae962c4cd6d2c8926b9ae75ffb8d483292854f5",
  "phase": "boundary",
  "matches_expected": true,
  "output": "data/generated/public-dev-slot-003/native/runtime/state-evidence/state_12-reference-start.json"
}
{
  "variant": "state_12",
  "direction": "create_worker_transition",
  "passed": true,
  "mutations": 12,
  "error": null,
  "failed_checks": [],
  "failures": [],
  "observed_terminal": {
    "candidate_present": true,
    "change_record_state": "resolved",
    "release_ledger_status": "active",
    "release_ledger_schema_epoch": "8",
    "recovery_audit": {
      "status": "complete",
      "schema_epoch": "8",
      "api_version": "v5",
      "worker_version": "v5",
      "credential_generation": "12",
      "migration_job_uid": "a3cf3a20-f30d-4708-ab21-7327d63148af",
      "transition_job_uid": "987ae31a-be9d-44b0-857d-bc306dd8d2b1",
      "publication_job_uid": "ae9a6e89-8b12-4515-b67a-4543c627fa58",
      "preparation_resolution": "not-created",
      "release_resolution": "present"
    }
  }
}
{
  "capture_mode": "etcd_snapshot_and_quiesced_registry_sqlite",
  "cluster_name": "aftermath-kubernetes",
  "files": {
    "etcd": {
      "bytes": 1474592,
      "path": "etcd.snapshot.db",
      "sha256": "a22c52559ee22d62d9ddaaa3b037913f405dc9be9029c32d978d2ca82445fac8"
    },
    "external_registry": {
      "bytes": 24576,
      "path": "webhook-sink.sqlite3",
      "sha256": "83950c053b0316ec88d3cb281e96e4d47953cfa9620a7d98b7d8d385608f6358"
    }
  },
  "node_image": "kindest/node:v1.34.0@sha256:7416a61b42b1662ca6ca89f02028ac133a309a2a30ba309614e8ec94d976dc5a",
  "schema_version": "1.0",
  "restore_token": "665f9a8718184d73b8e91dbf75643759",
  "restarted_control_plane": {
    "kube-apiserver": "6d5c1ae2f5edf142f434954a4be76cf7163c9f9c8c2f886312593114bae497f9",
    "kube-controller-manager": "7dd7391adaf5822cee9c2438fe9e2497a23dd718d68d764d4680d9b97ce183a1",
    "kube-scheduler": "0e7be4c1996c6bd06b8a3317c6f04272cf05cbc7212215bcde869acd33fa3fb7"
  },
  "restarted_kubelet_pid": "96345"
}
{
  "variant": "state_13",
  "state_sha256": "15e09486a063a19ca5645ce0fb58f53cf46266cc8bf0a5ff8a35a274e66e9792",
  "phase": "reset",
  "matches_expected": true,
  "output": "data/generated/public-dev-slot-003/native/runtime/state-evidence/state_13-reset.json"
}
{
  "variant": "state_13",
  "passed": true,
  "checks": {
    "same_surface_error": true,
    "native_facts_match_declared_matrix": true
  }
}
{
  "variant": "state_13",
  "state_sha256": "ce454f7d77cd024eeecfec4ca822cf45153e89e92649b94148d8b173fe341223",
  "phase": "native",
  "matches_expected": true,
  "output": "data/generated/public-dev-slot-003/native/runtime/state-evidence/state_13-pre-snapshot.json"
}
{
  "schema_version": "1.0",
  "capture_mode": "etcd_snapshot_and_quiesced_registry_sqlite",
  "cluster_name": "aftermath-kubernetes",
  "node_image": "kindest/node:v1.34.0@sha256:7416a61b42b1662ca6ca89f02028ac133a309a2a30ba309614e8ec94d976dc5a",
  "files": {
    "etcd": {
      "path": "etcd.snapshot.db",
      "bytes": 1835040,
      "sha256": "69e3ecf648e1ef08c756e724511918390785df9d770140d6efe942f899a2c1ef"
    },
    "external_registry": {
      "path": "webhook-sink.sqlite3",
      "bytes": 24576,
      "sha256": "83950c053b0316ec88d3cb281e96e4d47953cfa9620a7d98b7d8d385608f6358"
    }
  }
}
{
  "capture_mode": "etcd_snapshot_and_quiesced_registry_sqlite",
  "cluster_name": "aftermath-kubernetes",
  "files": {
    "etcd": {
      "bytes": 1835040,
      "path": "etcd.snapshot.db",
      "sha256": "69e3ecf648e1ef08c756e724511918390785df9d770140d6efe942f899a2c1ef"
    },
    "external_registry": {
      "bytes": 24576,
      "path": "webhook-sink.sqlite3",
      "sha256": "83950c053b0316ec88d3cb281e96e4d47953cfa9620a7d98b7d8d385608f6358"
    }
  },
  "node_image": "kindest/node:v1.34.0@sha256:7416a61b42b1662ca6ca89f02028ac133a309a2a30ba309614e8ec94d976dc5a",
  "schema_version": "1.0",
  "restore_token": "05738194ebdd40f4b0f63c43d9268578",
  "restarted_control_plane": {
    "kube-apiserver": "d9d3af493464d8437ae143ae8e4ea5e20970f29895fb9e5f666be4a7cd014269",
    "kube-controller-manager": "6ba5a49d92f69b23bca9d644e45d9e6c8be755404c618b66bb1ff7622c89c9e2",
    "kube-scheduler": "7f6743c2447501749f9d0674800e2972020727ab8649406cfd0f3ee7876425b5"
  },
  "restarted_kubelet_pid": "99863"
}
{
  "variant": "state_13",
  "state_sha256": "ce454f7d77cd024eeecfec4ca822cf45153e89e92649b94148d8b173fe341223",
  "phase": "boundary",
  "matches_expected": true,
  "output": "data/generated/public-dev-slot-003/native/runtime/state-evidence/state_13-boundary.json"
}
{
  "capture_mode": "etcd_snapshot_and_quiesced_registry_sqlite",
  "cluster_name": "aftermath-kubernetes",
  "files": {
    "etcd": {
      "bytes": 1835040,
      "path": "etcd.snapshot.db",
      "sha256": "69e3ecf648e1ef08c756e724511918390785df9d770140d6efe942f899a2c1ef"
    },
    "external_registry": {
      "bytes": 24576,
      "path": "webhook-sink.sqlite3",
      "sha256": "83950c053b0316ec88d3cb281e96e4d47953cfa9620a7d98b7d8d385608f6358"
    }
  },
  "node_image": "kindest/node:v1.34.0@sha256:7416a61b42b1662ca6ca89f02028ac133a309a2a30ba309614e8ec94d976dc5a",
  "schema_version": "1.0",
  "restore_token": "1412a616d62e41e19787bc8f1963ad39",
  "restarted_control_plane": {
    "kube-apiserver": "d5b2d1f44f5c92839288c79f684d7ab1909882dd68d3be3d345608cc4f49889b",
    "kube-controller-manager": "4370e2cf30112081d28a3c375f7b8e94c3b557526e1e6631f11b0a8a97d0c4b6",
    "kube-scheduler": "7d871dbcd77a077ba1330d79087e85468b8129e8b861b5cc15f58c18128461e6"
  },
  "restarted_kubelet_pid": "101982"
}
{
  "variant": "state_13",
  "state_sha256": "ce454f7d77cd024eeecfec4ca822cf45153e89e92649b94148d8b173fe341223",
  "phase": "boundary",
  "matches_expected": true,
  "output": "data/generated/public-dev-slot-003/native/runtime/state-evidence/state_13-reference-start.json"
}
{
  "variant": "state_13",
  "direction": "rotate_shared_credential",
  "passed": true,
  "mutations": 9,
  "error": null,
  "failed_checks": [],
  "failures": [],
  "observed_terminal": {
    "candidate_present": true,
    "change_record_state": "resolved",
    "release_ledger_status": "active",
    "release_ledger_schema_epoch": "8",
    "recovery_audit": {
      "status": "complete",
      "schema_epoch": "8",
      "api_version": "v5",
      "worker_version": "v5",
      "credential_generation": "12",
      "migration_job_uid": "0b3c00b7-f0f5-4908-b275-c42bf1de64e0",
      "transition_job_uid": "none",
      "publication_job_uid": "26c9e06a-2491-4b3a-b084-82e4ac0a917f",
      "preparation_resolution": "not-created",
      "release_resolution": "present"
    }
  }
}
{
  "schema_version": "1.0",
  "scenario_id": "k8s-constraint-interactions-public-dev-006",
  "variant_count": 13,
  "reference_pass_count": 13,
  "semantic_scope_count": 13,
  "projection_witness_count": 10,
  "checks": {
    "all_boundaries_valid": true,
    "all_references_pass": true,
    "prefix_fingerprint_stable": true,
    "surface_error_identical": true,
    "all_projection_groups_have_native_witnesses": true,
    "projection_witnesses>=10": true,
    "semantic_scopes>=8": true
  },
  "passed": true
}
