{
  "capture_mode": "etcd_snapshot_and_quiesced_registry_sqlite",
  "cluster_name": "aftermath-kubernetes",
  "files": {
    "etcd": {
      "bytes": 1835040,
      "path": "etcd.snapshot.db",
      "sha256": "3ca7625dab51724b086b4d7d1d0298590a65e1c032b99d8352f1d1d30a7ce6de"
    },
    "external_registry": {
      "bytes": 24576,
      "path": "webhook-sink.sqlite3",
      "sha256": "83950c053b0316ec88d3cb281e96e4d47953cfa9620a7d98b7d8d385608f6358"
    }
  },
  "node_image": "kindest/node:v1.34.0@sha256:7416a61b42b1662ca6ca89f02028ac133a309a2a30ba309614e8ec94d976dc5a",
  "schema_version": "1.0",
  "restore_token": "2acedcf0bf6e480e93aeaf1034b59d4f",
  "restarted_control_plane": {
    "kube-apiserver": "372ca6b167f2f05bcee7d25ffd5febe7b0e91ce3cc7fae3b6228898863f1a8ad",
    "kube-controller-manager": "f3f7b6b5778ce82e317dcf1b8a8fc39161e38af8bd32ae0e2e250fb20eb44445",
    "kube-scheduler": "878f9da435dd69f86680b292089e3c21f7eea8333a79f571796db7dc39b75b25"
  },
  "restarted_kubelet_pid": "8325"
}
